Component: ARM Compiler 5.06 update 7 (build 960) Tool: armlink [4d3601]

==============================================================================

Section Cross References

    startup_stm32f103xb.o(STACK) refers (Special) to heapauxi.o(.text) for __use_two_region_memory
    startup_stm32f103xb.o(HEAP) refers (Special) to heapauxi.o(.text) for __use_two_region_memory
    startup_stm32f103xb.o(RESET) refers (Special) to heapauxi.o(.text) for __use_two_region_memory
    startup_stm32f103xb.o(RESET) refers to startup_stm32f103xb.o(STACK) for __initial_sp
    startup_stm32f103xb.o(RESET) refers to startup_stm32f103xb.o(.text) for Reset_Handler
    startup_stm32f103xb.o(RESET) refers to stm32f1xx_it.o(i.NMI_Handler) for NMI_Handler
    startup_stm32f103xb.o(RESET) refers to stm32f1xx_it.o(i.HardFault_Handler) for HardFault_Handler
    startup_stm32f103xb.o(RESET) refers to stm32f1xx_it.o(i.MemManage_Handler) for MemManage_Handler
    startup_stm32f103xb.o(RESET) refers to stm32f1xx_it.o(i.BusFault_Handler) for BusFault_Handler
    startup_stm32f103xb.o(RESET) refers to stm32f1xx_it.o(i.UsageFault_Handler) for UsageFault_Handler
    startup_stm32f103xb.o(RESET) refers to stm32f1xx_it.o(i.SVC_Handler) for SVC_Handler
    startup_stm32f103xb.o(RESET) refers to stm32f1xx_it.o(i.DebugMon_Handler) for DebugMon_Handler
    startup_stm32f103xb.o(RESET) refers to stm32f1xx_it.o(i.PendSV_Handler) for PendSV_Handler
    startup_stm32f103xb.o(RESET) refers to stm32f1xx_it.o(i.SysTick_Handler) for SysTick_Handler
    startup_stm32f103xb.o(RESET) refers to stm32f1xx_it.o(i.TIM1_CC_IRQHandler) for TIM1_CC_IRQHandler
    startup_stm32f103xb.o(.text) refers (Special) to heapauxi.o(.text) for __use_two_region_memory
    startup_stm32f103xb.o(.text) refers to system_stm32f1xx.o(i.SystemInit) for SystemInit
    startup_stm32f103xb.o(.text) refers to __main.o(!!!main) for __main
    startup_stm32f103xb.o(.text) refers to startup_stm32f103xb.o(HEAP) for Heap_Mem
    startup_stm32f103xb.o(.text) refers to startup_stm32f103xb.o(STACK) for Stack_Mem
    lcd16x2_i2c.o(i.lcd16x2_i2c_1stLine) refers to lcd16x2_i2c.o(i.lcd16x2_i2c_setCursor) for lcd16x2_i2c_setCursor
    lcd16x2_i2c.o(i.lcd16x2_i2c_2ndLine) refers to lcd16x2_i2c.o(i.lcd16x2_i2c_setCursor) for lcd16x2_i2c_setCursor
    lcd16x2_i2c.o(i.lcd16x2_i2c_OneLine) refers to lcd16x2_i2c.o(i.lcd16x2_i2c_sendCommand) for lcd16x2_i2c_sendCommand
    lcd16x2_i2c.o(i.lcd16x2_i2c_TwoLines) refers to lcd16x2_i2c.o(i.lcd16x2_i2c_sendCommand) for lcd16x2_i2c_sendCommand
    lcd16x2_i2c.o(i.lcd16x2_i2c_clear) refers to lcd16x2_i2c.o(i.lcd16x2_i2c_sendCommand) for lcd16x2_i2c_sendCommand
    lcd16x2_i2c.o(i.lcd16x2_i2c_clear) refers to stm32f1xx_hal.o(i.HAL_Delay) for HAL_Delay
    lcd16x2_i2c.o(i.lcd16x2_i2c_cursorShow) refers to lcd16x2_i2c.o(i.lcd16x2_i2c_sendCommand) for lcd16x2_i2c_sendCommand
    lcd16x2_i2c.o(i.lcd16x2_i2c_display) refers to lcd16x2_i2c.o(i.lcd16x2_i2c_sendCommand) for lcd16x2_i2c_sendCommand
    lcd16x2_i2c.o(i.lcd16x2_i2c_init) refers to stm32f1xx_hal.o(i.HAL_Delay) for HAL_Delay
    lcd16x2_i2c.o(i.lcd16x2_i2c_init) refers to stm32f1xx_hal_i2c.o(i.HAL_I2C_IsDeviceReady) for HAL_I2C_IsDeviceReady
    lcd16x2_i2c.o(i.lcd16x2_i2c_init) refers to lcd16x2_i2c.o(i.lcd16x2_i2c_sendCommand) for lcd16x2_i2c_sendCommand
    lcd16x2_i2c.o(i.lcd16x2_i2c_init) refers to lcd16x2_i2c.o(.data) for .data
    lcd16x2_i2c.o(i.lcd16x2_i2c_printf) refers to vsprintf.o(.text) for vsprintf
    lcd16x2_i2c.o(i.lcd16x2_i2c_printf) refers to stm32f1xx_hal_i2c.o(i.HAL_I2C_Master_Transmit) for HAL_I2C_Master_Transmit
    lcd16x2_i2c.o(i.lcd16x2_i2c_printf) refers to strlen.o(.text) for strlen
    lcd16x2_i2c.o(i.lcd16x2_i2c_printf) refers to lcd16x2_i2c.o(.data) for .data
    lcd16x2_i2c.o(i.lcd16x2_i2c_sendCommand) refers to stm32f1xx_hal_i2c.o(i.HAL_I2C_Master_Transmit) for HAL_I2C_Master_Transmit
    lcd16x2_i2c.o(i.lcd16x2_i2c_sendCommand) refers to lcd16x2_i2c.o(.data) for .data
    lcd16x2_i2c.o(i.lcd16x2_i2c_setCursor) refers to lcd16x2_i2c.o(i.lcd16x2_i2c_sendCommand) for lcd16x2_i2c_sendCommand
    lcd16x2_i2c.o(i.lcd16x2_i2c_shiftLeft) refers to lcd16x2_i2c.o(i.lcd16x2_i2c_sendCommand) for lcd16x2_i2c_sendCommand
    lcd16x2_i2c.o(i.lcd16x2_i2c_shiftRight) refers to lcd16x2_i2c.o(i.lcd16x2_i2c_sendCommand) for lcd16x2_i2c_sendCommand
    main.o(i.HAL_TIM_IC_CaptureCallback) refers to stm32f1xx_hal_tim.o(i.HAL_TIM_ReadCapturedValue) for HAL_TIM_ReadCapturedValue
    main.o(i.HAL_TIM_IC_CaptureCallback) refers to dflt_clz.o(x$fpl$dfltu) for __aeabi_ui2d
    main.o(i.HAL_TIM_IC_CaptureCallback) refers to dmul.o(x$fpl$dmul) for __aeabi_dmul
    main.o(i.HAL_TIM_IC_CaptureCallback) refers to scalbn.o(x$fpl$scalbn) for __ARM_scalbn
    main.o(i.HAL_TIM_IC_CaptureCallback) refers to dfixu.o(x$fpl$dfixu) for __aeabi_d2uiz
    main.o(i.HAL_TIM_IC_CaptureCallback) refers to main.o(.data) for .data
    main.o(i.HAL_TIM_IC_CaptureCallback) refers to main.o(.bss) for .bss
[...]
    .ARM.Collect$$_printf_percent$$00000015  0x080001e0   Section        6  _printf_lc.o(.ARM.Collect$$_printf_percent$$00000015)
    .ARM.Collect$$_printf_percent$$00000016  0x080001e6   Section        6  _printf_ls.o(.ARM.Collect$$_printf_percent$$00000016)
    .ARM.Collect$$_printf_percent$$00000017  0x080001ec   Section        4  _printf_percent_end.o(.ARM.Collect$$_printf_percent$$00000017)
    .ARM.Collect$$libinit$$00000000          0x080001f0   Section        2  libinit.o(.ARM.Collect$$libinit$$00000000)
    .ARM.Collect$$libinit$$00000002          0x080001f2   Section        0  libinit2.o(.ARM.Collect$$libinit$$00000002)
    .ARM.Collect$$libinit$$00000004          0x080001f2   Section        0  libinit2.o(.ARM.Collect$$libinit$$00000004)
    .ARM.Collect$$libinit$$0000000A          0x080001f2   Section        0  libinit2.o(.ARM.Collect$$libinit$$0000000A)
    .ARM.Collect$$libinit$$0000000C          0x080001f2   Section        0  libinit2.o(.ARM.Collect$$libinit$$0000000C)
    .ARM.Collect$$libinit$$0000000E          0x080001f2   Section        0  libinit2.o(.ARM.Collect$$libinit$$0000000E)
    .ARM.Collect$$libinit$$0000000F          0x080001f2   Section        6  libinit2.o(.ARM.Collect$$libinit$$0000000F)
    .ARM.Collect$$libinit$$00000011          0x080001f8   Section        0  libinit2.o(.ARM.Collect$$libinit$$00000011)
    .ARM.Collect$$libinit$$00000012          0x080001f8   Section       12  libinit2.o(.ARM.Collect$$libinit$$00000012)
    .ARM.Collect$$libinit$$00000013          0x08000204   Section        0  libinit2.o(.ARM.Collect$$libinit$$00000013)
    .ARM.Collect$$libinit$$00000015          0x08000204   Section        0  libinit2.o(.ARM.Collect$$libinit$$00000015)
    .ARM.Collect$$libinit$$00000016          0x08000204   Section       10  libinit2.o(.ARM.Collect$$libinit$$00000016)
    .ARM.Collect$$libinit$$00000017          0x0800020e   Section        0  libinit2.o(.ARM.Collect$$libinit$$00000017)
    .ARM.Collect$$libinit$$00000019          0x0800020e   Section        0  libinit2.o(.ARM.Collect$$libinit$$00000019)
    .ARM.Collect$$libinit$$0000001B          0x0800020e   Section        0  libinit2.o(.ARM.Collect$$libinit$$0000001B)
    .ARM.Collect$$libinit$$0000001D          0x0800020e   Section        0  libinit2.o(.ARM.Collect$$libinit$$0000001D)
    .ARM.Collect$$libinit$$0000001F          0x0800020e   Section        0  libinit2.o(.ARM.Collect$$libinit$$0000001F)
    .ARM.Collect$$libinit$$00000021          0x0800020e   Section        0  libinit2.o(.ARM.Collect$$libinit$$00000021)
    .ARM.Collect$$libinit$$00000023          0x0800020e   Section        0  libinit2.o(.ARM.Collect$$libinit$$00000023)
    .ARM.Collect$$libinit$$00000025          0x0800020e   Section        0  libinit2.o(.ARM.Collect$$libinit$$00000025)
    .ARM.Collect$$libinit$$0000002C          0x0800020e   Section        0  libinit2.o(.ARM.Collect$$libinit$$0000002C)
    .ARM.Collect$$libinit$$0000002E          0x0800020e   Section        0  libinit2.o(.ARM.Collect$$libinit$$0000002E)
    .ARM.Collect$$libinit$$00000030          0x0800020e   Section        0  libinit2.o(.ARM.Collect$$libinit$$00000030)
    .ARM.Collect$$libinit$$00000032          0x0800020e   Section        0  libinit2.o(.ARM.Collect$$libinit$$00000032)
    .ARM.Collect$$libinit$$00000033          0x0800020e   Section        2  libinit2.o(.ARM.Collect$$libinit$$00000033)
    .ARM.Collect$$libshutdown$$00000000      0x08000210   Section        2  libshutdown.o(.ARM.Collect$$libshutdown$$00000000)
    .ARM.Collect$$libshutdown$$00000002      0x08000212   Section        0  libshutdown2.o(.ARM.Collect$$libshutdown$$00000002)
    .ARM.Collect$$libshutdown$$00000004      0x08000212   Section        0  libshutdown2.o(.ARM.Collect$$libshutdown$$00000004)
    .ARM.Collect$$libshutdown$$00000006      0x08000212   Section        0  libshutdown2.o(.ARM.Collect$$libshutdown$$00000006)
    .ARM.Collect$$libshutdown$$00000009      0x08000212   Section        0  libshutdown2.o(.ARM.Collect$$libshutdown$$00000009)
    .ARM.Collect$$libshutdown$$0000000C      0x08000212   Section        0  libshutdown2.o(.ARM.Collect$$libshutdown$$0000000C)
    .ARM.Collect$$libshutdown$$0000000E      0x08000212   Section        0  libshutdown2.o(.ARM.Collect$$libshutdown$$0000000E)
    .ARM.Collect$$libshutdown$$00000011      0x08000212   Section        0  libshutdown2.o(.ARM.Collect$$libshutdown$$00000011)
    .ARM.Collect$$libshutdown$$00000012      0x08000212   Section        2  libshutdown2.o(.ARM.Collect$$libshutdown$$00000012)
    .ARM.Collect$$rtentry$$00000000          0x08000214   Section        0  __rtentry.o(.ARM.Collect$$rtentry$$00000000)
    .ARM.Collect$$rtentry$$00000002          0x08000214   Section        0  __rtentry2.o(.ARM.Collect$$rtentry$$00000002)
    .ARM.Collect$$rtentry$$00000004          0x08000214   Section        6  __rtentry4.o(.ARM.Collect$$rtentry$$00000004)
    .ARM.Collect$$rtentry$$00000009          0x0800021a   Section        0  __rtentry2.o(.ARM.Collect$$rtentry$$00000009)
    .ARM.Collect$$rtentry$$0000000A          0x0800021a   Section        4  __rtentry2.o(.ARM.Collect$$rtentry$$0000000A)
    .ARM.Collect$$rtentry$$0000000C          0x0800021e   Section        0  __rtentry2.o(.ARM.Collect$$rtentry$$0000000C)
    .ARM.Collect$$rtentry$$0000000D          0x0800021e   Section        8  __rtentry2.o(.ARM.Collect$$rtentry$$0000000D)
    .ARM.Collect$$rtexit$$00000000           0x08000226   Section        2  rtexit.o(.ARM.Collect$$rtexit$$00000000)
    .ARM.Collect$$rtexit$$00000002           0x08000228   Section        0  rtexit2.o(.ARM.Collect$$rtexit$$00000002)
    .ARM.Collect$$rtexit$$00000003           0x08000228   Section        4  rtexit2.o(.ARM.Collect$$rtexit$$00000003)
    .ARM.Collect$$rtexit$$00000004           0x0800022c   Section        6  rtexit2.o(.ARM.Collect$$rtexit$$00000004)
    .text                                    0x08000234   Section       64  startup_stm32f103xb.o(.text)
    .text                                    0x08000274   Section        0  vsprintf.o(.text)
    .text                                    0x08000298   Section        0  strlen.o(.text)
    .text                                    0x080002d6   Section       78  rt_memclr_w.o(.text)
    .text                                    0x08000324   Section        0  heapauxi.o(.text)
    .text                                    0x0800032a   Section        0  _printf_pad.o(.text)
    .text                                    0x08000378   Section        0  _printf_truncate.o(.text)
    .text                                    0x0800039c   Section        0  _printf_str.o(.text)
    .text                                    0x080003f0   Section        0  _printf_dec.o(.text)
    .text                                    0x08000468   Section        0  _printf_charcount.o(.text)
    .text                                    0x08000490   Section        0  _printf_char_common.o(.text)
    _printf_input_char                       0x08000491   Thumb Code    10  _printf_char_common.o(.text)
    .text                                    0x080004c0   Section        0  _sputc.o(.text)
    .text                                    0x080004cc   Section        0  _printf_wctomb.o(.text)
    .text                                    0x08000588   Section        0  _printf_longlong_dec.o(.text)
    .text                                    0x08000604   Section        0  _printf_oct_int_ll.o(.text)
    _printf_longlong_oct_internal            0x08000605   Thumb Code     0  _printf_oct_int_ll.o(.text)
    .text                                    0x08000674   Section        0  _printf_hex_int_ll_ptr.o(.text)
    _printf_hex_common                       0x08000675   Thumb Code     0  _printf_hex_int_ll_ptr.o(.text)
    .text                                    0x08000708   Section        0  __printf_flags_ss_wp.o(.text)
    .text                                    0x08000890   Section      138  lludiv10.o(.text)
    .text                                    0x0800091a   Section        0  _printf_intcommon.o(.text)
    .text                                    0x080009cc   Section        0  _printf_fp_dec.o(.text)
    _fp_digits                               0x080009cf   Thumb Code   432  _printf_fp_dec.o(.text)
    .text                                    0x08000dec   Section        0  _printf_fp_hex.o(.text)
    .text                                    0x080010e8   Section        0  _printf_char.o(.text)
    .text                                    0x08001114   Section        0  _printf_wchar.o(.text)
    .text                                    0x08001140   Section        0  _wcrtomb.o(.text)
    .text                                    0x08001180   Section       74  sys_stackheap_outer.o(.text)
    .text                                    0x080011cc   Section       16  rt_ctype_table.o(.text)
    .text                                    0x080011dc   Section        8  rt_locale_intlibspace.o(.text)
    .text                                    0x080011e4   Section        0  _printf_fp_infnan.o(.text)
    .text                                    0x08001264   Section        0  bigflt0.o(.text)
    .text                                    0x08001348   Section        0  exit.o(.text)
    .text                                    0x0800135c   Section        8  libspace.o(.text)
    .text                                    0x08001364   Section      128  strcmpv7m.o(.text)
    .text                                    0x080013e4   Section        0  sys_exit.o(.text)
    .text                                    0x080013f0   Section        2  use_no_semi.o(.text)
    .text                                    0x080013f2   Section        0  indicate_semi.o(.text)
    CL$$btod_d2e                             0x080013f2   Section       62  btod.o(CL$$btod_d2e)
    CL$$btod_d2e_denorm_low                  0x08001430   Section       70  btod.o(CL$$btod_d2e_denorm_low)
    CL$$btod_d2e_norm_op1                    0x08001476   Section       96  btod.o(CL$$btod_d2e_norm_op1)
    CL$$btod_div_common                      0x080014d6   Section      824  btod.o(CL$$btod_div_common)
    CL$$btod_e2e                             0x0800180e   Section      220  btod.o(CL$$btod_e2e)
    CL$$btod_ediv                            0x080018ea   Section       42  btod.o(CL$$btod_ediv)
    CL$$btod_emul                            0x08001914   Section       42  btod.o(CL$$btod_emul)
    CL$$btod_mult_common                     0x0800193e   Section      580  btod.o(CL$$btod_mult_common)
    i.BusFault_Handler                       0x08001b82   Section        0  stm32f1xx_it.o(i.BusFault_Handler)
    i.DebugMon_Handler                       0x08001b84   Section        0  stm32f1xx_it.o(i.DebugMon_Handler)
    i.HAL_Delay                              0x08001b88   Section        0  stm32f1xx_hal.o(i.HAL_Delay)
    i.HAL_GPIO_Init                          0x08001bac   Section        0  stm32f1xx_hal_gpio.o(i.HAL_GPIO_Init)
    i.HAL_GPIO_WritePin                      0x08001d8c   Section        0  stm32f1xx_hal_gpio.o(i.HAL_GPIO_WritePin)
    i.HAL_GetTick                            0x08001d98   Section        0  stm32f1xx_hal.o(i.HAL_GetTick)
    i.HAL_I2C_Init                           0x08001da4   Section        0  stm32f1xx_hal_i2c.o(i.HAL_I2C_Init)
    i.HAL_I2C_IsDeviceReady                  0x08001f2c   Section        0  stm32f1xx_hal_i2c.o(i.HAL_I2C_IsDeviceReady)
    i.HAL_I2C_Master_Transmit                0x08002098   Section        0  stm32f1xx_hal_i2c.o(i.HAL_I2C_Master_Transmit)
    i.HAL_I2C_MspInit                        0x080021c4   Section        0  stm32f1xx_hal_msp.o(i.HAL_I2C_MspInit)
    i.HAL_IncTick                            0x08002220   Section        0  stm32f1xx_hal.o(i.HAL_IncTick)
    i.HAL_Init                               0x08002230   Section        0  stm32f1xx_hal.o(i.HAL_Init)
    i.HAL_InitTick                           0x08002254   Section        0  stm32f1xx_hal.o(i.HAL_InitTick)
    i.HAL_MspInit                            0x08002294   Section        0  stm32f1xx_hal_msp.o(i.HAL_MspInit)
    i.HAL_NVIC_EnableIRQ                     0x080022c0   Section        0  stm32f1xx_hal_cortex.o(i.HAL_NVIC_EnableIRQ)
    i.HAL_NVIC_SetPriority                   0x080022dc   Section        0  stm32f1xx_hal_cortex.o(i.HAL_NVIC_SetPriority)
    i.HAL_NVIC_SetPriorityGrouping           0x0800231c   Section        0  stm32f1xx_hal_cortex.o(i.HAL_NVIC_SetPriorityGrouping)
    i.HAL_RCC_ClockConfig                    0x08002340   Section        0  stm32f1xx_hal_rcc.o(i.HAL_RCC_ClockConfig)
    i.HAL_RCC_GetPCLK1Freq                   0x0800246c   Section        0  stm32f1xx_hal_rcc.o(i.HAL_RCC_GetPCLK1Freq)
    i.HAL_RCC_GetSysClockFreq                0x0800248c   Section        0  stm32f1xx_hal_rcc.o(i.HAL_RCC_GetSysClockFreq)
    i.HAL_RCC_OscConfig                      0x080024f8   Section        0  stm32f1xx_hal_rcc.o(i.HAL_RCC_OscConfig)
    i.HAL_SYSTICK_Config                     0x08002818   Section        0  stm32f1xx_hal_cortex.o(i.HAL_SYSTICK_Config)
    i.HAL_TIMEx_BreakCallback                0x08002840   Section        0  stm32f1xx_hal_tim_ex.o(i.HAL_TIMEx_BreakCallback)
    i.HAL_TIMEx_CommutCallback               0x08002842   Section        0  stm32f1xx_hal_tim_ex.o(i.HAL_TIMEx_CommutCallback)
    i.HAL_TIMEx_MasterConfigSynchronization  0x08002844   Section        0  stm32f1xx_hal_tim_ex.o(i.HAL_TIMEx_MasterConfigSynchronization)
    i.HAL_TIM_IC_CaptureCallback             0x080028ac   Section        0  main.o(i.HAL_TIM_IC_CaptureCallback)
    i.HAL_TIM_IC_ConfigChannel               0x0800295c   Section        0  stm32f1xx_hal_tim.o(i.HAL_TIM_IC_ConfigChannel)
    i.HAL_TIM_IC_Init                        0x08002a6a   Section        0  stm32f1xx_hal_tim.o(i.HAL_TIM_IC_Init)
    i.HAL_TIM_IC_MspInit                     0x08002ac4   Section        0  stm32f1xx_hal_msp.o(i.HAL_TIM_IC_MspInit)
    i.HAL_TIM_IC_Start_IT                    0x08002b2c   Section        0  stm32f1xx_hal_tim.o(i.HAL_TIM_IC_Start_IT)
    i.HAL_TIM_IRQHandler                     0x08002c0c   Section        0  stm32f1xx_hal_tim.o(i.HAL_TIM_IRQHandler)
    i.HAL_TIM_OC_DelayElapsedCallback        0x08002d72   Section        0  stm32f1xx_hal_tim.o(i.HAL_TIM_OC_DelayElapsedCallback)
    i.HAL_TIM_PWM_PulseFinishedCallback      0x08002d74   Section        0  stm32f1xx_hal_tim.o(i.HAL_TIM_PWM_PulseFinishedCallback)
    i.HAL_TIM_PeriodElapsedCallback          0x08002d76   Section        0  stm32f1xx_hal_tim.o(i.HAL_TIM_PeriodElapsedCallback)
    i.HAL_TIM_ReadCapturedValue              0x08002d78   Section        0  stm32f1xx_hal_tim.o(i.HAL_TIM_ReadCapturedValue)
    i.HAL_TIM_TriggerCallback                0x08002da2   Section        0  stm32f1xx_hal_tim.o(i.HAL_TIM_TriggerCallback)
    i.HCSR04_read                            0x08002da4   Section        0  main.o(i.HCSR04_read)
    i.HardFault_Handler                      0x08002dd8   Section        0  stm32f1xx_it.o(i.HardFault_Handler)
    i.I2C_IsAcknowledgeFailed                0x08002dda   Section        0  stm32f1xx_hal_i2c.o(i.I2C_IsAcknowledgeFailed)
    I2C_IsAcknowledgeFailed                  0x08002ddb   Thumb Code    46  stm32f1xx_hal_i2c.o(i.I2C_IsAcknowledgeFailed)
    i.I2C_MasterRequestWrite                 0x08002e08   Section        0  stm32f1xx_hal_i2c.o(i.I2C_MasterRequestWrite)
    I2C_MasterRequestWrite                   0x08002e09   Thumb Code   150  stm32f1xx_hal_i2c.o(i.I2C_MasterRequestWrite)
    i.I2C_WaitOnBTFFlagUntilTimeout          0x08002ea4   Section        0  stm32f1xx_hal_i2c.o(i.I2C_WaitOnBTFFlagUntilTimeout)
    I2C_WaitOnBTFFlagUntilTimeout            0x08002ea5   Thumb Code    76  stm32f1xx_hal_i2c.o(i.I2C_WaitOnBTFFlagUntilTimeout)
    i.I2C_WaitOnFlagUntilTimeout             0x08002ef0   Section        0  stm32f1xx_hal_i2c.o(i.I2C_WaitOnFlagUntilTimeout)
    I2C_WaitOnFlagUntilTimeout               0x08002ef1   Thumb Code   104  stm32f1xx_hal_i2c.o(i.I2C_WaitOnFlagUntilTimeout)
    i.I2C_WaitOnMasterAddressFlagUntilTimeout 0x08002f58   Section        0  stm32f1xx_hal_i2c.o(i.I2C_WaitOnMasterAddressFlagUntilTimeout)
    I2C_WaitOnMasterAddressFlagUntilTimeout  0x08002f59   Thumb Code   150  stm32f1xx_hal_i2c.o(i.I2C_WaitOnMasterAddressFlagUntilTimeout)
    i.I2C_WaitOnTXEFlagUntilTimeout          0x08002fee   Section        0  stm32f1xx_hal_i2c.o(i.I2C_WaitOnTXEFlagUntilTimeout)
    I2C_WaitOnTXEFlagUntilTimeout            0x08002fef   Thumb Code    76  stm32f1xx_hal_i2c.o(i.I2C_WaitOnTXEFlagUntilTimeout)
    i.MX_GPIO_Init                           0x0800303c   Section        0  main.o(i.MX_GPIO_Init)
    MX_GPIO_Init                             0x0800303d   Thumb Code   126  main.o(i.MX_GPIO_Init)
    i.MX_TIM1_Init                           0x080030c8   Section        0  main.o(i.MX_TIM1_Init)
    MX_TIM1_Init                             0x080030c9   Thumb Code   102  main.o(i.MX_TIM1_Init)
    i.MemManage_Handler                      0x08003138   Section        0  stm32f1xx_it.o(i.MemManage_Handler)
    i.NMI_Handler                            0x0800313a   Section        0  stm32f1xx_it.o(i.NMI_Handler)
    i.PendSV_Handler                         0x0800313c   Section        0  stm32f1xx_it.o(i.PendSV_Handler)
    i.SVC_Handler                            0x0800313e   Section        0  stm32f1xx_it.o(i.SVC_Handler)
    i.SysTick_Handler                        0x08003140   Section        0  stm32f1xx_it.o(i.SysTick_Handler)
    i.SystemClock_Config                     0x08003144   Section        0  main.o(i.SystemClock_Config)
    i.SystemInit                             0x080031a0   Section        0  system_stm32f1xx.o(i.SystemInit)
    i.TIM1_CC_IRQHandler                     0x080031a4   Section        0  stm32f1xx_it.o(i.TIM1_CC_IRQHandler)
    i.TIM_Base_SetConfig                     0x080031b0   Section        0  stm32f1xx_hal_tim.o(i.TIM_Base_SetConfig)
    i.TIM_CCxChannelCmd                      0x0800321c   Section        0  stm32f1xx_hal_tim.o(i.TIM_CCxChannelCmd)
    i.TIM_TI1_SetConfig                      0x08003238   Section        0  stm32f1xx_hal_tim.o(i.TIM_TI1_SetConfig)
    i.TIM_TI2_SetConfig                      0x08003290   Section        0  stm32f1xx_hal_tim.o(i.TIM_TI2_SetConfig)
    TIM_TI2_SetConfig                        0x08003291   Thumb Code    54  stm32f1xx_hal_tim.o(i.TIM_TI2_SetConfig)
    i.UsageFault_Handler                     0x080032c6   Section        0  stm32f1xx_it.o(i.UsageFault_Handler)
    i.__ARM_fpclassify                       0x080032c8   Section        0  fpclassify.o(i.__ARM_fpclassify)
    i.__NVIC_SetPriority                     0x080032f0   Section        0  stm32f1xx_hal_cortex.o(i.__NVIC_SetPriority)
    __NVIC_SetPriority                       0x080032f1   Thumb Code    32  stm32f1xx_hal_cortex.o(i.__NVIC_SetPriority)
    i._is_digit                              0x08003310   Section        0  __printf_wp.o(i._is_digit)
    i.lcd16x2_i2c_clear                      0x0800331e   Section        0  lcd16x2_i2c.o(i.lcd16x2_i2c_clear)
    i.lcd16x2_i2c_init                       0x08003330   Section        0  lcd16x2_i2c.o(i.lcd16x2_i2c_init)
    i.lcd16x2_i2c_printf                     0x080033e8   Section        0  lcd16x2_i2c.o(i.lcd16x2_i2c_printf)
    i.lcd16x2_i2c_sendCommand                0x08003458   Section        0  lcd16x2_i2c.o(i.lcd16x2_i2c_sendCommand)
    lcd16x2_i2c_sendCommand                  0x08003459   Thumb Code    60  lcd16x2_i2c.o(i.lcd16x2_i2c_sendCommand)
    i.main                                   0x08003498   Section        0  main.o(i.main)
    locale$$code                             0x08003520   Section       44  lc_numeric_c.o(locale$$code)
    locale$$code                             0x0800354c   Section       44  lc_ctype_c.o(locale$$code)
    x$fpl$dcheck1                            0x08003578   Section       16  dcheck1.o(x$fpl$dcheck1)
    x$fpl$dfixu                              0x08003588   Section       90  dfixu.o(x$fpl$dfixu)
    x$fpl$dfltu                              0x080035e2   Section       38  dflt_clz.o(x$fpl$dfltu)
    x$fpl$dmul                               0x08003608   Section      340  dmul.o(x$fpl$dmul)
    x$fpl$dnaninf                            0x0800375c   Section      156  dnaninf.o(x$fpl$dnaninf)
    x$fpl$dretinf                            0x080037f8   Section       12  dretinf.o(x$fpl$dretinf)
    x$fpl$printf1                            0x08003804   Section        4  printf1.o(x$fpl$printf1)
    x$fpl$printf2                            0x08003808   Section        4  printf2.o(x$fpl$printf2)
    x$fpl$retnan                             0x0800380c   Section      100  retnan.o(x$fpl$retnan)
    x$fpl$scalbn                             0x08003870   Section       92  scalbn.o(x$fpl$scalbn)
    x$fpl$trapveneer                         0x080038cc   Section       48  trapv.o(x$fpl$trapveneer)
    .constdata                               0x080038fc   Section       16  system_stm32f1xx.o(.constdata)
    x$fpl$usenofp                            0x080038fc   Section        0  usenofp.o(x$fpl$usenofp)
    .constdata                               0x0800390c   Section        8  system_stm32f1xx.o(.constdata)
    .constdata                               0x08003914   Section        8  _printf_wctomb.o(.constdata)
    initial_mbstate                          0x08003914   Data           8  _printf_wctomb.o(.constdata)
    .constdata                               0x0800391c   Section       40  _printf_hex_int_ll_ptr.o(.constdata)
    uc_hextab                                0x0800391c   Data          20  _printf_hex_int_ll_ptr.o(.constdata)
    lc_hextab                                0x08003930   Data          20  _printf_hex_int_ll_ptr.o(.constdata)
    .constdata                               0x08003944   Section       17  __printf_flags_ss_wp.o(.constdata)
    maptable                                 0x08003944   Data          17  __printf_flags_ss_wp.o(.constdata)
    .constdata                               0x08003955   Section       38  _printf_fp_hex.o(.constdata)
    lc_hextab                                0x08003955   Data          19  _printf_fp_hex.o(.constdata)
    uc_hextab                                0x08003968   Data          19  _printf_fp_hex.o(.constdata)
    .constdata                               0x0800397c   Section      148  bigflt0.o(.constdata)
    tenpwrs_x                                0x0800397c   Data          60  bigflt0.o(.constdata)
    tenpwrs_i                                0x080039b8   Data          64  bigflt0.o(.constdata)
    locale$$data                             0x08003a30   Section       28  lc_numeric_c.o(locale$$data)
    __lcnum_c_name                           0x08003a34   Data           2  lc_numeric_c.o(locale$$data)
    __lcnum_c_start                          0x08003a3c   Data           0  lc_numeric_c.o(locale$$data)
    __lcnum_c_point                          0x08003a48   Data           0  lc_numeric_c.o(locale$$data)
    __lcnum_c_thousands                      0x08003a4a   Data           0  lc_numeric_c.o(locale$$data)
    __lcnum_c_grouping                       0x08003a4b   Data           0  lc_numeric_c.o(locale$$data)
    locale$$data                             0x08003a4c   Section      272  lc_ctype_c.o(locale$$data)
    __lcnum_c_end                            0x08003a4c   Data           0  lc_numeric_c.o(locale$$data)
    __lcctype_c_name                         0x08003a50   Data           2  lc_ctype_c.o(locale$$data)
    __lcctype_c_start                        0x08003a58   Data           0  lc_ctype_c.o(locale$$data)
    __lcctype_c_end                          0x08003b5c   Data           0  lc_ctype_c.o(locale$$data)
    .data                                    0x20000000   Section        8  lcd16x2_i2c.o(.data)
    LCD_I2C_SLAVE_ADDRESS                    0x20000000   Data           1  lcd16x2_i2c.o(.data)
    lcd16x2_i2cHandle                        0x20000004   Data           4  lcd16x2_i2c.o(.data)
    .data                                    0x20000008   Section       20  main.o(.data)
    .data                                    0x2000001c   Section       12  stm32f1xx_hal.o(.data)
    .data                                    0x20000028   Section        4  system_stm32f1xx.o(.data)
    .bss                                     0x2000002c   Section      156  main.o(.bss)
    .bss                                     0x200000c8   Section       96  libspace.o(.bss)
    HEAP                                     0x20000128   Section      512  startup_stm32f103xb.o(HEAP)
    Heap_Mem                                 0x20000128   Data         512  startup_stm32f103xb.o(HEAP)
    STACK                                    0x20000328   Section     1024  startup_stm32f103xb.o(STACK)
    Stack_Mem                                0x20000328   Data        1024  startup_stm32f103xb.o(STACK)
    __initial_sp                             0x20000728   Data           0  startup_stm32f103xb.o(STACK)

    Global Symbols

    Symbol Name                              Value     Ov Type        Size  Object(Section)

    BuildAttributes$$THM_ISAv4$P$D$K$B$S$PE$A:L22UL41UL21$X:L11$S22US41US21$IEEE1$IW$USESV6$~STKCKD$USESV7$~SHL$OTIME$ROPI$IEEEJ$EBA8$UX$STANDARDLIB$REQ8$PRES8$EABIv2 0x00000000   Number         0  anon$$obj.o ABSOLUTE
    __ARM_use_no_argv                        0x00000000   Number         0  main.o ABSOLUTE
    _printf_flags                            0x00000000   Number         0  printf_stubs.o ABSOLUTE
    _printf_return_value                     0x00000000   Number         0  printf_stubs.o ABSOLUTE
    _printf_sizespec                         0x00000000   Number         0  printf_stubs.o ABSOLUTE
    _printf_widthprec                        0x00000000   Number         0  printf_stubs.o ABSOLUTE
    __ARM_exceptions_init                     - Undefined Weak Reference
    __alloca_initialize                       - Undefined Weak Reference
    __arm_fini_                               - Undefined Weak Reference
    __arm_preinit_                            - Undefined Weak Reference
    __cpp_initialize__aeabi_                  - Undefined Weak Reference
    __cxa_finalize                            - Undefined Weak Reference
    __sigvec_lookup                           - Undefined Weak Reference
    _atexit_init                              - Undefined Weak Reference
    _call_atexit_fns                          - Undefined Weak Reference
    _clock_init                               - Undefined Weak Reference
    _fp_trap_init                             - Undefined Weak Reference
    _fp_trap_shutdown                         - Undefined Weak Reference
    _get_lc_collate                           - Undefined Weak Reference
    _get_lc_monetary                          - Undefined Weak Reference
    _get_lc_time                              - Undefined Weak Reference
    _getenv_init                              - Undefined Weak Reference
    _handle_redirection                       - Undefined Weak Reference
    _init_alloc                               - Undefined Weak Reference
    _init_user_alloc                          - Undefined Weak Reference
    _initio                                   - Undefined Weak Reference
    _printf_mbtowc                            - Undefined Weak Reference
    _printf_wc                                - Undefined Weak Reference
    _rand_init                                - Undefined Weak Reference
    _signal_finish                            - Undefined Weak Reference
    _signal_init                              - Undefined Weak Reference
    _terminate_alloc                          - Undefined Weak Reference
    _terminate_user_alloc                     - Undefined Weak Reference
    _terminateio                              - Undefined Weak Reference
    __Vectors_Size                           0x000000ec   Number         0  startup_stm32f103xb.o ABSOLUTE
    __Vectors                                0x08000000   Data           4  startup_stm32f103xb.o(RESET)
    __Vectors_End                            0x080000ec   Data           0  startup_stm32f103xb.o(RESET)
    __main                                   0x080000ed   Thumb Code     8  __main.o(!!!main)
    __scatterload                            0x080000f5   Thumb Code     0  __scatter.o(!!!scatter)
    __scatterload_rt2                        0x080000f5   Thumb Code    44  __scatter.o(!!!scatter)
    __scatterload_rt2_thumb_only             0x080000f5   Thumb Code     0  __scatter.o(!!!scatter)
    __scatterload_null                       0x08000103   Thumb Code     0  __scatter.o(!!!scatter)
    __scatterload_copy                       0x08000129   Thumb Code    26  __scatter_copy.o(!!handler_copy)
    __scatterload_zeroinit                   0x08000145   Thumb Code    28  __scatter_zi.o(!!handler_zi)
    _printf_n                                0x08000161   Thumb Code     0  _printf_n.o(.ARM.Collect$$_printf_percent$$00000001)
    _printf_percent                          0x08000161   Thumb Code     0  _printf_percent.o(.ARM.Collect$$_printf_percent$$00000000)
    _printf_p                                0x08000167   Thumb Code     0  _printf_p.o(.ARM.Collect$$_printf_percent$$00000002)
    _printf_f                                0x0800016d   Thumb Code     0  _printf_f.o(.ARM.Collect$$_printf_percent$$00000003)
    _printf_e                                0x08000173   Thumb Code     0  _printf_e.o(.ARM.Collect$$_printf_percent$$00000004)
    _printf_g                                0x08000179   Thumb Code     0  _printf_g.o(.ARM.Collect$$_printf_percent$$00000005)
    _printf_a                                0x0800017f   Thumb Code     0  _printf_a.o(.ARM.Collect$$_printf_percent$$00000006)
    _printf_ll                               0x08000185   Thumb Code     0  _printf_ll.o(.ARM.Collect$$_printf_percent$$00000007)
    _printf_i                                0x0800018f   Thumb Code     0  _printf_i.o(.ARM.Collect$$_printf_percent$$00000008)
    _printf_d                                0x08000195   Thumb Code     0  _printf_d.o(.ARM.Collect$$_printf_percent$$00000009)
    _printf_u                                0x0800019b   Thumb Code     0  _printf_u.o(.ARM.Collect$$_printf_percent$$0000000A)
    _printf_o                                0x080001a1   Thumb Code     0  _printf_o.o(.ARM.Collect$$_printf_percent$$0000000B)
    _printf_x                                0x080001a7   Thumb Code     0  _printf_x.o(.ARM.Collect$$_printf_percent$$0000000C)
    _printf_lli                              0x080001ad   Thumb Code     0  _printf_lli.o(.ARM.Collect$$_printf_percent$$0000000D)
    _printf_lld                              0x080001b3   Thumb Code     0  _printf_lld.o(.ARM.Collect$$_printf_percent$$0000000E)
    _printf_llu                              0x080001b9   Thumb Code     0  _printf_llu.o(.ARM.Collect$$_printf_percent$$0000000F)
    _printf_llo                              0x080001bf   Thumb Code     0  _printf_llo.o(.ARM.Collect$$_printf_percent$$00000010)
    _printf_llx                              0x080001c5   Thumb Code     0  _printf_llx.o(.ARM.Collect$$_printf_percent$$00000011)
    _printf_l                                0x080001cb   Thumb Code     0  _printf_l.o(.ARM.Collect$$_printf_percent$$00000012)
    _printf_c                                0x080001d5   Thumb Code     0  _printf_c.o(.ARM.Collect$$_printf_percent$$00000013)
    _printf_s                                0x080001db   Thumb Code     0  _printf_s.o(.ARM.Collect$$_printf_percent$$00000014)
    _printf_lc                               0x080001e1   Thumb Code     0  _printf_lc.o(.ARM.Collect$$_printf_percent$$00000015)
    _printf_ls                               0x080001e7   Thumb Code     0  _printf_ls.o(.ARM.Collect$$_printf_percent$$00000016)
    _printf_percent_end                      0x080001ed   Thumb Code     0  _printf_percent_end.o(.ARM.Collect$$_printf_percent$$00000017)
    __rt_lib_init                            0x080001f1   Thumb Code     0  libinit.o(.ARM.Collect$$libinit$$00000000)
    __rt_lib_init_fp_1                       0x080001f3   Thumb Code     0  libinit2.o(.ARM.Collect$$libinit$$00000002)
    __rt_lib_init_heap_1                     0x080001f3   Thumb Code     0  libinit2.o(.ARM.Collect$$libinit$$0000000A)
    __rt_lib_init_lc_common                  0x080001f3   Thumb Code     0  libinit2.o(.ARM.Collect$$libinit$$0000000F)
    __rt_lib_init_preinit_1                  0x080001f3   Thumb Code     0  libinit2.o(.ARM.Collect$$libinit$$00000004)
    __rt_lib_init_rand_1                     0x080001f3   Thumb Code     0  libinit2.o(.ARM.Collect$$libinit$$0000000E)
    __rt_lib_init_user_alloc_1               0x080001f3   Thumb Code     0  libinit2.o(.ARM.Collect$$libinit$$0000000C)
    __rt_lib_init_lc_collate_1               0x080001f9   Thumb Code     0  libinit2.o(.ARM.Collect$$libinit$$00000011)
    __rt_lib_init_lc_ctype_2                 0x080001f9   Thumb Code     0  libinit2.o(.ARM.Collect$$libinit$$00000012)
    __rt_lib_init_lc_ctype_1                 0x08000205   Thumb Code     0  libinit2.o(.ARM.Collect$$libinit$$00000013)
    __rt_lib_init_lc_monetary_1              0x08000205   Thumb Code     0  libinit2.o(.ARM.Collect$$libinit$$00000015)
    __rt_lib_init_lc_numeric_2               0x08000205   Thumb Code     0  libinit2.o(.ARM.Collect$$libinit$$00000016)
    __rt_lib_init_alloca_1                   0x0800020f   Thumb Code     0  libinit2.o(.ARM.Collect$$libinit$$0000002E)
    __rt_lib_init_argv_1                     0x0800020f   Thumb Code     0  libinit2.o(.ARM.Collect$$libinit$$0000002C)
    __rt_lib_init_atexit_1                   0x0800020f   Thumb Code     0  libinit2.o(.ARM.Collect$$libinit$$0000001B)
    __rt_lib_init_clock_1                    0x0800020f   Thumb Code     0  libinit2.o(.ARM.Collect$$libinit$$00000021)
    __rt_lib_init_cpp_1                      0x0800020f   Thumb Code     0  libinit2.o(.ARM.Collect$$libinit$$00000032)
    __rt_lib_init_exceptions_1               0x0800020f   Thumb Code     0  libinit2.o(.ARM.Collect$$libinit$$00000030)
    __rt_lib_init_fp_trap_1                  0x0800020f   Thumb Code     0  libinit2.o(.ARM.Collect$$libinit$$0000001F)
    __rt_lib_init_getenv_1                   0x0800020f   Thumb Code     0  libinit2.o(.ARM.Collect$$libinit$$00000023)
    __rt_lib_init_lc_numeric_1               0x0800020f   Thumb Code     0  libinit2.o(.ARM.Collect$$libinit$$00000017)
    __rt_lib_init_lc_time_1                  0x0800020f   Thumb Code     0  libinit2.o(.ARM.Collect$$libinit$$00000019)
    __rt_lib_init_return                     0x0800020f   Thumb Code     0  libinit2.o(.ARM.Collect$$libinit$$00000033)
    __rt_lib_init_signal_1                   0x0800020f   Thumb Code     0  libinit2.o(.ARM.Collect$$libinit$$0000001D)
    __rt_lib_init_stdio_1                    0x0800020f   Thumb Code     0  libinit2.o(.ARM.Collect$$libinit$$00000025)
    __rt_lib_shutdown                        0x08000211   Thumb Code     0  libshutdown.o(.ARM.Collect$$libshutdown$$00000000)
    __rt_lib_shutdown_cpp_1                  0x08000213   Thumb Code     0  libshutdown2.o(.ARM.Collect$$libshutdown$$00000004)
    __rt_lib_shutdown_fini_1                 0x08000213   Thumb Code     0  libshutdown2.o(.ARM.Collect$$libshutdown$$00000002)
    __rt_lib_shutdown_fp_trap_1              0x08000213   Thumb Code     0  libshutdown2.o(.ARM.Collect$$libshutdown$$00000009)
    __rt_lib_shutdown_heap_1                 0x08000213   Thumb Code     0  libshutdown2.o(.ARM.Collect$$libshutdown$$00000011)
    __rt_lib_shutdown_return                 0x08000213   Thumb Code     0  libshutdown2.o(.ARM.Collect$$libshutdown$$00000012)
    __rt_lib_shutdown_signal_1               0x08000213   Thumb Code     0  libshutdown2.o(.ARM.Collect$$libshutdown$$0000000C)
    __rt_lib_shutdown_stdio_1                0x08000213   Thumb Code     0  libshutdown2.o(.ARM.Collect$$libshutdown$$00000006)
    __rt_lib_shutdown_user_alloc_1           0x08000213   Thumb Code     0  libshutdown2.o(.ARM.Collect$$libshutdown$$0000000E)
    __rt_entry                               0x08000215   Thumb Code     0  __rtentry.o(.ARM.Collect$$rtentry$$00000000)
    __rt_entry_presh_1                       0x08000215   Thumb Code     0  __rtentry2.o(.ARM.Collect$$rtentry$$00000002)
    __rt_entry_sh                            0x08000215   Thumb Code     0  __rtentry4.o(.ARM.Collect$$rtentry$$00000004)
    __rt_entry_li                            0x0800021b   Thumb Code     0  __rtentry2.o(.ARM.Collect$$rtentry$$0000000A)
    __rt_entry_postsh_1                      0x0800021b   Thumb Code     0  __rtentry2.o(.ARM.Collect$$rtentry$$00000009)
    __rt_entry_main                          0x0800021f   Thumb Code     0  __rtentry2.o(.ARM.Collect$$rtentry$$0000000D)
    __rt_entry_postli_1                      0x0800021f   Thumb Code     0  __rtentry2.o(.ARM.Collect$$rtentry$$0000000C)
    __rt_exit                                0x08000227   Thumb Code     0  rtexit.o(.ARM.Collect$$rtexit$$00000000)
    __rt_exit_ls                             0x08000229   Thumb Code     0  rtexit2.o(.ARM.Collect$$rtexit$$00000003)
    __rt_exit_prels_1                        0x08000229   Thumb Code     0  rtexit2.o(.ARM.Collect$$rtexit$$00000002)
    __rt_exit_exit                           0x0800022d   Thumb Code     0  rtexit2.o(.ARM.Collect$$rtexit$$00000004)
    Reset_Handler                            0x08000235   Thumb Code     8  startup_stm32f103xb.o(.text)
    ADC1_2_IRQHandler                        0x0800024f   Thumb Code     0  startup_stm32f103xb.o(.text)
    CAN1_RX1_IRQHandler                      0x0800024f   Thumb Code     0  startup_stm32f103xb.o(.text)
    CAN1_SCE_IRQHandler                      0x0800024f   Thumb Code     0  startup_stm32f103xb.o(.text)
    DMA1_Channel1_IRQHandler                 0x0800024f   Thumb Code     0  startup_stm32f103xb.o(.text)
    DMA1_Channel2_IRQHandler                 0x0800024f   Thumb Code     0  startup_stm32f103xb.o(.text)
    DMA1_Channel3_IRQHandler                 0x0800024f   Thumb Code     0  startup_stm32f103xb.o(.text)
    DMA1_Channel4_IRQHandler                 0x0800024f   Thumb Code     0  startup_stm32f103xb.o(.text)
    DMA1_Channel5_IRQHandler                 0x0800024f   Thumb Code     0  startup_stm32f103xb.o(.text)
    DMA1_Channel6_IRQHandler                 0x0800024f   Thumb Code     0  startup_stm32f103xb.o(.text)
    DMA1_Channel7_IRQHandler                 0x0800024f   Thumb Code     0  startup_stm32f103xb.o(.text)
    EXTI0_IRQHandler                         0x0800024f   Thumb Code     0  startup_stm32f103xb.o(.text)
    EXTI15_10_IRQHandler                     0x0800024f   Thumb Code     0  startup_stm32f103xb.o(.text)
    EXTI1_IRQHandler                         0x0800024f   Thumb Code     0  startup_stm32f103xb.o(.text)
    EXTI2_IRQHandler                         0x0800024f   Thumb Code     0  startup_stm32f103xb.o(.text)
    EXTI3_IRQHandler                         0x0800024f   Thumb Code     0  startup_stm32f103xb.o(.text)
    EXTI4_IRQHandler                         0x0800024f   Thumb Code     0  startup_stm32f103xb.o(.text)
    EXTI9_5_IRQHandler                       0x0800024f   Thumb Code     0  startup_stm32f103xb.o(.text)
    FLASH_IRQHandler                         0x0800024f   Thumb Code     0  startup_stm32f103xb.o(.text)
    I2C1_ER_IRQHandler                       0x0800024f   Thumb Code     0  startup_stm32f103xb.o(.text)
    I2C1_EV_IRQHandler                       0x0800024f   Thumb Code     0  startup_stm32f103xb.o(.text)
    I2C2_ER_IRQHandler                       0x0800024f   Thumb Code     0  startup_stm32f103xb.o(.text)
    I2C2_EV_IRQHandler                       0x0800024f   Thumb Code     0  startup_stm32f103xb.o(.text)
    PVD_IRQHandler                           0x0800024f   Thumb Code     0  startup_stm32f103xb.o(.text)
    RCC_IRQHandler                           0x0800024f   Thumb Code     0  startup_stm32f103xb.o(.text)
    RTC_Alarm_IRQHandler                     0x0800024f   Thumb Code     0  startup_stm32f103xb.o(.text)
    RTC_IRQHandler                           0x0800024f   Thumb Code     0  startup_stm32f103xb.o(.text)
    SPI1_IRQHandler                          0x0800024f   Thumb Code     0  startup_stm32f103xb.o(.text)
    SPI2_IRQHandler                          0x0800024f   Thumb Code     0  startup_stm32f103xb.o(.text)
    TAMPER_IRQHandler                        0x0800024f   Thumb Code     0  startup_stm32f103xb.o(.text)
    TIM1_BRK_IRQHandler                      0x0800024f   Thumb Code     0  startup_stm32f103xb.o(.text)
    TIM1_TRG_COM_IRQHandler                  0x0800024f   Thumb Code     0  startup_stm32f103xb.o(.text)
    TIM1_UP_IRQHandler                       0x0800024f   Thumb Code     0  startup_stm32f103xb.o(.text)
    TIM2_IRQHandler                          0x0800024f   Thumb Code     0  startup_stm32f103xb.o(.text)
    TIM3_IRQHandler                          0x0800024f   Thumb Code     0  startup_stm32f103xb.o(.text)
    TIM4_IRQHandler                          0x0800024f   Thumb Code     0  startup_stm32f103xb.o(.text)
    USART1_IRQHandler                        0x0800024f   Thumb Code     0  startup_stm32f103xb.o(.text)
    USART2_IRQHandler                        0x0800024f   Thumb Code     0  startup_stm32f103xb.o(.text)
    USART3_IRQHandler                        0x0800024f   Thumb Code     0  startup_stm32f103xb.o(.text)
    USBWakeUp_IRQHandler                     0x0800024f   Thumb Code     0  startup_stm32f103xb.o(.text)
    USB_HP_CAN1_TX_IRQHandler                0x0800024f   Thumb Code     0  startup_stm32f103xb.o(.text)
    USB_LP_CAN1_RX0_IRQHandler               0x0800024f   Thumb Code     0  startup_stm32f103xb.o(.text)
    WWDG_IRQHandler                          0x0800024f   Thumb Code     0  startup_stm32f103xb.o(.text)
    __user_initial_stackheap                 0x08000251   Thumb Code     0  startup_stm32f103xb.o(.text)
    vsprintf                                 0x08000275   Thumb Code    32  vsprintf.o(.text)
    strlen                                   0x08000299   Thumb Code    62  strlen.o(.text)
    __aeabi_memclr4                          0x080002d7   Thumb Code     0  rt_memclr_w.o(.text)
    __aeabi_memclr8                          0x080002d7   Thumb Code     0  rt_memclr_w.o(.text)
    __rt_memclr_w                            0x080002d7   Thumb Code    78  rt_memclr_w.o(.text)
    _memset_w                                0x080002db   Thumb Code     0  rt_memclr_w.o(.text)
    __use_two_region_memory                  0x08000325   Thumb Code     2  heapauxi.o(.text)
    __rt_heap_escrow$2region                 0x08000327   Thumb Code     2  heapauxi.o(.text)
    __rt_heap_expand$2region                 0x08000329   Thumb Code     2  heapauxi.o(.text)
    _printf_pre_padding                      0x0800032b   Thumb Code    44  _printf_pad.o(.text)
    _printf_post_padding                     0x08000357   Thumb Code    34  _printf_pad.o(.text)
    _printf_truncate_signed                  0x08000379   Thumb Code    18  _printf_truncate.o(.text)
    _printf_truncate_unsigned                0x0800038b   Thumb Code    18  _printf_truncate.o(.text)
    _printf_str                              0x0800039d   Thumb Code    82  _printf_str.o(.text)
    _printf_int_dec                          0x080003f1   Thumb Code   104  _printf_dec.o(.text)
    _printf_charcount                        0x08000469   Thumb Code    40  _printf_charcount.o(.text)
    _printf_char_common                      0x0800049b   Thumb Code    32  _printf_char_common.o(.text)
    _sputc                                   0x080004c1   Thumb Code    10  _sputc.o(.text)
    _printf_wctomb                           0x080004cd   Thumb Code   182  _printf_wctomb.o(.text)
    _printf_longlong_dec                     0x08000589   Thumb Code   108  _printf_longlong_dec.o(.text)
    _printf_longlong_oct                     0x08000605   Thumb Code    66  _printf_oct_int_ll.o(.text)
    _printf_int_oct                          0x08000647   Thumb Code    24  _printf_oct_int_ll.o(.text)
    _printf_ll_oct                           0x0800065f   Thumb Code    12  _printf_oct_int_ll.o(.text)
    _printf_longlong_hex                     0x08000675   Thumb Code    86  _printf_hex_int_ll_ptr.o(.text)
    _printf_int_hex                          0x080006cb   Thumb Code    28  _printf_hex_int_ll_ptr.o(.text)
    _printf_ll_hex                           0x080006e7   Thumb Code    12  _printf_hex_int_ll_ptr.o(.text)
    _printf_hex_ptr                          0x080006f3   Thumb Code    18  _printf_hex_int_ll_ptr.o(.text)
    __printf                                 0x08000709   Thumb Code   388  __printf_flags_ss_wp.o(.text)
    _ll_udiv10                               0x08000891   Thumb Code   138  lludiv10.o(.text)
    _printf_int_common                       0x0800091b   Thumb Code   178  _printf_intcommon.o(.text)
    __lib_sel_fp_printf                      0x080009cd   Thumb Code     2  _printf_fp_dec.o(.text)
    _printf_fp_dec_real                      0x08000b7f   Thumb Code   620  _printf_fp_dec.o(.text)
    _printf_fp_hex_real                      0x08000ded   Thumb Code   756  _printf_fp_hex.o(.text)
    _printf_cs_common                        0x080010e9   Thumb Code    20  _printf_char.o(.text)
    _printf_char                             0x080010fd   Thumb Code    16  _printf_char.o(.text)
    _printf_string                           0x0800110d   Thumb Code     8  _printf_char.o(.text)
    _printf_lcs_common                       0x08001115   Thumb Code    20  _printf_wchar.o(.text)
    _printf_wchar                            0x08001129   Thumb Code    16  _printf_wchar.o(.text)
    _printf_wstring                          0x08001139   Thumb Code     8  _printf_wchar.o(.text)
    _wcrtomb                                 0x08001141   Thumb Code    64  _wcrtomb.o(.text)
    __user_setup_stackheap                   0x08001181   Thumb Code    74  sys_stackheap_outer.o(.text)
    __rt_ctype_table                         0x080011cd   Thumb Code    16  rt_ctype_table.o(.text)
    __rt_locale                              0x080011dd   Thumb Code     8  rt_locale_intlibspace.o(.text)
    _printf_fp_infnan                        0x080011e5   Thumb Code   112  _printf_fp_infnan.o(.text)
    _btod_etento                             0x08001265   Thumb Code   224  bigflt0.o(.text)
    exit                                     0x08001349   Thumb Code    18  exit.o(.text)
    __user_libspace                          0x0800135d   Thumb Code     8  libspace.o(.text)
    __user_perproc_libspace                  0x0800135d   Thumb Code     0  libspace.o(.text)
    __user_perthread_libspace                0x0800135d   Thumb Code     0  libspace.o(.text)
    strcmp                                   0x08001365   Thumb Code   128  strcmpv7m.o(.text)
    _sys_exit                                0x080013e5   Thumb Code     8  sys_exit.o(.text)
    __I$use$semihosting                      0x080013f1   Thumb Code     0  use_no_semi.o(.text)
    __use_no_semihosting_swi                 0x080013f1   Thumb Code     2  use_no_semi.o(.text)
    __semihosting_library_function           0x080013f3   Thumb Code     0  indicate_semi.o(.text)
    _btod_d2e                                0x080013f3   Thumb Code    62  btod.o(CL$$btod_d2e)
    _d2e_denorm_low                          0x08001431   Thumb Code    70  btod.o(CL$$btod_d2e_denorm_low)
    _d2e_norm_op1                            0x08001477   Thumb Code    96  btod.o(CL$$btod_d2e_norm_op1)
    __btod_div_common                        0x080014d7   Thumb Code   696  btod.o(CL$$btod_div_common)
    _e2e                                     0x0800180f   Thumb Code   220  btod.o(CL$$btod_e2e)
    _btod_ediv                               0x080018eb   Thumb Code    42  btod.o(CL$$btod_ediv)
    _btod_emul                               0x08001915   Thumb Code    42  btod.o(CL$$btod_emul)
    __btod_mult_common                       0x0800193f   Thumb Code   580  btod.o(CL$$btod_mult_common)
    BusFault_Handler                         0x08001b83   Thumb Code     2  stm32f1xx_it.o(i.BusFault_Handler)
    DebugMon_Handler                         0x08001b85   Thumb Code     2  stm32f1xx_it.o(i.DebugMon_Handler)
    HAL_Delay                                0x08001b89   Thumb Code    32  stm32f1xx_hal.o(i.HAL_Delay)
    HAL_GPIO_Init                            0x08001bad   Thumb Code   446  stm32f1xx_hal_gpio.o(i.HAL_GPIO_Init)
    HAL_GPIO_WritePin                        0x08001d8d   Thumb Code    10  stm32f1xx_hal_gpio.o(i.HAL_GPIO_WritePin)
    HAL_GetTick                              0x08001d99   Thumb Code     6  stm32f1xx_hal.o(i.HAL_GetTick)
    HAL_I2C_Init                             0x08001da5   Thumb Code   376  stm32f1xx_hal_i2c.o(i.HAL_I2C_Init)
    HAL_I2C_IsDeviceReady                    0x08001f2d   Thumb Code   354  stm32f1xx_hal_i2c.o(i.HAL_I2C_IsDeviceReady)
    HAL_I2C_Master_Transmit                  0x08002099   Thumb Code   290  stm32f1xx_hal_i2c.o(i.HAL_I2C_Master_Transmit)
    HAL_I2C_MspInit                          0x080021c5   Thumb Code    80  stm32f1xx_hal_msp.o(i.HAL_I2C_MspInit)
    HAL_IncTick                              0x08002221   Thumb Code    12  stm32f1xx_hal.o(i.HAL_IncTick)
    HAL_Init                                 0x08002231   Thumb Code    32  stm32f1xx_hal.o(i.HAL_Init)
    HAL_InitTick                             0x08002255   Thumb Code    54  stm32f1xx_hal.o(i.HAL_InitTick)
    HAL_MspInit                              0x08002295   Thumb Code    38  stm32f1xx_hal_msp.o(i.HAL_MspInit)
    HAL_NVIC_EnableIRQ                       0x080022c1   Thumb Code    26  stm32f1xx_hal_cortex.o(i.HAL_NVIC_EnableIRQ)
    HAL_NVIC_SetPriority                     0x080022dd   Thumb Code    60  stm32f1xx_hal_cortex.o(i.HAL_NVIC_SetPriority)
    HAL_NVIC_SetPriorityGrouping             0x0800231d   Thumb Code    26  stm32f1xx_hal_cortex.o(i.HAL_NVIC_SetPriorityGrouping)
    HAL_RCC_ClockConfig                      0x08002341   Thumb Code   280  stm32f1xx_hal_rcc.o(i.HAL_RCC_ClockConfig)
    HAL_RCC_GetPCLK1Freq                     0x0800246d   Thumb Code    20  stm32f1xx_hal_rcc.o(i.HAL_RCC_GetPCLK1Freq)
    HAL_RCC_GetSysClockFreq                  0x0800248d   Thumb Code    74  stm32f1xx_hal_rcc.o(i.HAL_RCC_GetSysClockFreq)
    HAL_RCC_OscConfig                        0x080024f9   Thumb Code   778  stm32f1xx_hal_rcc.o(i.HAL_RCC_OscConfig)
    HAL_SYSTICK_Config                       0x08002819   Thumb Code    40  stm32f1xx_hal_cortex.o(i.HAL_SYSTICK_Config)
    HAL_TIMEx_BreakCallback                  0x08002841   Thumb Code     2  stm32f1xx_hal_tim_ex.o(i.HAL_TIMEx_BreakCallback)
    HAL_TIMEx_CommutCallback                 0x08002843   Thumb Code     2  stm32f1xx_hal_tim_ex.o(i.HAL_TIMEx_CommutCallback)
    HAL_TIMEx_MasterConfigSynchronization    0x08002845   Thumb Code    92  stm32f1xx_hal_tim_ex.o(i.HAL_TIMEx_MasterConfigSynchronization)
    HAL_TIM_IC_CaptureCallback               0x080028ad   Thumb Code   158  main.o(i.HAL_TIM_IC_CaptureCallback)
    HAL_TIM_IC_ConfigChannel                 0x0800295d   Thumb Code   270  stm32f1xx_hal_tim.o(i.HAL_TIM_IC_ConfigChannel)
    HAL_TIM_IC_Init                          0x08002a6b   Thumb Code    90  stm32f1xx_hal_tim.o(i.HAL_TIM_IC_Init)
    HAL_TIM_IC_MspInit                       0x08002ac5   Thumb Code    90  stm32f1xx_hal_msp.o(i.HAL_TIM_IC_MspInit)
    HAL_TIM_IC_Start_IT                      0x08002b2d   Thumb Code   212  stm32f1xx_hal_tim.o(i.HAL_TIM_IC_Start_IT)
    HAL_TIM_IRQHandler                       0x08002c0d   Thumb Code   358  stm32f1xx_hal_tim.o(i.HAL_TIM_IRQHandler)
    HAL_TIM_OC_DelayElapsedCallback          0x08002d73   Thumb Code     2  stm32f1xx_hal_tim.o(i.HAL_TIM_OC_DelayElapsedCallback)
    HAL_TIM_PWM_PulseFinishedCallback        0x08002d75   Thumb Code     2  stm32f1xx_hal_tim.o(i.HAL_TIM_PWM_PulseFinishedCallback)
    HAL_TIM_PeriodElapsedCallback            0x08002d77   Thumb Code     2  stm32f1xx_hal_tim.o(i.HAL_TIM_PeriodElapsedCallback)
    HAL_TIM_ReadCapturedValue                0x08002d79   Thumb Code    42  stm32f1xx_hal_tim.o(i.HAL_TIM_ReadCapturedValue)
    HAL_TIM_TriggerCallback                  0x08002da3   Thumb Code     2  stm32f1xx_hal_tim.o(i.HAL_TIM_TriggerCallback)
    HCSR04_read                              0x08002da5   Thumb Code    44  main.o(i.HCSR04_read)
    HardFault_Handler                        0x08002dd9   Thumb Code     2  stm32f1xx_it.o(i.HardFault_Handler)
    MemManage_Handler                        0x08003139   Thumb Code     2  stm32f1xx_it.o(i.MemManage_Handler)
    NMI_Handler                              0x0800313b   Thumb Code     2  stm32f1xx_it.o(i.NMI_Handler)
    PendSV_Handler                           0x0800313d   Thumb Code     2  stm32f1xx_it.o(i.PendSV_Handler)
    SVC_Handler                              0x0800313f   Thumb Code     2  stm32f1xx_it.o(i.SVC_Handler)
    SysTick_Handler                          0x08003141   Thumb Code     4  stm32f1xx_it.o(i.SysTick_Handler)
    SystemClock_Config                       0x08003145   Thumb Code    92  main.o(i.SystemClock_Config)
    SystemInit                               0x080031a1   Thumb Code     2  system_stm32f1xx.o(i.SystemInit)
    TIM1_CC_IRQHandler                       0x080031a5   Thumb Code     6  stm32f1xx_it.o(i.TIM1_CC_IRQHandler)
    TIM_Base_SetConfig                       0x080031b1   Thumb Code    94  stm32f1xx_hal_tim.o(i.TIM_Base_SetConfig)
    TIM_CCxChannelCmd                        0x0800321d   Thumb Code    26  stm32f1xx_hal_tim.o(i.TIM_CCxChannelCmd)
    TIM_TI1_SetConfig                        0x08003239   Thumb Code    76  stm32f1xx_hal_tim.o(i.TIM_TI1_SetConfig)
    UsageFault_Handler                       0x080032c7   Thumb Code     2  stm32f1xx_it.o(i.UsageFault_Handler)
    __ARM_fpclassify                         0x080032c9   Thumb Code    40  fpclassify.o(i.__ARM_fpclassify)
    _is_digit                                0x08003311   Thumb Code    14  __printf_wp.o(i._is_digit)
    lcd16x2_i2c_clear                        0x0800331f   Thumb Code    18  lcd16x2_i2c.o(i.lcd16x2_i2c_clear)
    lcd16x2_i2c_init                         0x08003331   Thumb Code   178  lcd16x2_i2c.o(i.lcd16x2_i2c_init)
    lcd16x2_i2c_printf                       0x080033e9   Thumb Code   106  lcd16x2_i2c.o(i.lcd16x2_i2c_printf)
    main                                     0x08003499   Thumb Code   112  main.o(i.main)
    _get_lc_numeric                          0x08003521   Thumb Code    44  lc_numeric_c.o(locale$$code)
    _get_lc_ctype                            0x0800354d   Thumb Code    44  lc_ctype_c.o(locale$$code)
    __fpl_dcheck_NaN1                        0x08003579   Thumb Code    10  dcheck1.o(x$fpl$dcheck1)
    __aeabi_d2uiz                            0x08003589   Thumb Code     0  dfixu.o(x$fpl$dfixu)
    _dfixu                                   0x08003589   Thumb Code    90  dfixu.o(x$fpl$dfixu)
    __aeabi_ui2d                             0x080035e3   Thumb Code     0  dflt_clz.o(x$fpl$dfltu)
    _dfltu                                   0x080035e3   Thumb Code    38  dflt_clz.o(x$fpl$dfltu)
    __aeabi_dmul                             0x08003609   Thumb Code     0  dmul.o(x$fpl$dmul)
    _dmul                                    0x08003609   Thumb Code   332  dmul.o(x$fpl$dmul)
    __fpl_dnaninf                            0x0800375d   Thumb Code   156  dnaninf.o(x$fpl$dnaninf)
    __fpl_dretinf                            0x080037f9   Thumb Code    12  dretinf.o(x$fpl$dretinf)
    _printf_fp_dec                           0x08003805   Thumb Code     4  printf1.o(x$fpl$printf1)
    _printf_fp_hex                           0x08003809   Thumb Code     4  printf2.o(x$fpl$printf2)
    __fpl_return_NaN                         0x0800380d   Thumb Code   100  retnan.o(x$fpl$retnan)
    __ARM_scalbn                             0x08003871   Thumb Code    92  scalbn.o(x$fpl$scalbn)
    __fpl_cmpreturn                          0x080038cd   Thumb Code    48  trapv.o(x$fpl$trapveneer)
    AHBPrescTable                            0x080038fc   Data          16  system_stm32f1xx.o(.constdata)
    __I$use$fp                               0x080038fc   Number         0  usenofp.o(x$fpl$usenofp)
    APBPrescTable                            0x0800390c   Data           8  system_stm32f1xx.o(.constdata)
    Region$$Table$$Base                      0x08003a10   Number         0  anon$$obj.o(Region$$Table)
    Region$$Table$$Limit                     0x08003a30   Number         0  anon$$obj.o(Region$$Table)
    __ctype                                  0x08003a59   Data           0  lc_ctype_c.o(locale$$data)
    captured                                 0x20000008   Data           1  main.o(.data)
    IC_val1                                  0x2000000c   Data           4  main.o(.data)
    IC_val2                                  0x20000010   Data           4  main.o(.data)
    diff                                     0x20000014   Data           4  main.o(.data)
    dist                                     0x20000018   Data           4  main.o(.data)
    uwTickFreq                               0x2000001c   Data           1  stm32f1xx_hal.o(.data)
    uwTickPrio                               0x20000020   Data           4  stm32f1xx_hal.o(.data)
    uwTick                                   0x20000024   Data           4  stm32f1xx_hal.o(.data)
    SystemCoreClock                          0x20000028   Data           4  system_stm32f1xx.o(.data)
    hi2c1                                    0x2000002c   Data          84  main.o(.bss)
    htim1                                    0x20000080   Data          72  main.o(.bss)
    __libspace_start                         0x200000c8   Data          96  libspace.o(.bss)
    __temporary_stack_top$libspace           0x20000128   Data           0  libspace.o(.bss)



==============================================================================

Memory Map of the image

  Image Entry point : 0x080000ed

  Load Region LR_IROM1 (Base: 0x08000000, Size: 0x00003b88, Max: 0x00010000, ABSOLUTE)

    Execution Region ER_IROM1 (Exec base: 0x08000000, Load base: 0x08000000, Size: 0x00003b5c, Max: 0x00010000, ABSOLUTE)

    Exec Addr    Load Addr    Size         Type   Attr      Idx    E Section Name        Object

    0x08000000   0x08000000   0x000000ec   Data   RO            3    RESET               startup_stm32f103xb.o
    0x080000ec   0x080000ec   0x00000008   Code   RO         2872  * !!!main             c_w.l(__main.o)
    0x080000f4   0x080000f4   0x00000034   Code   RO         3219    !!!scatter          c_w.l(__scatter.o)
    0x08000128   0x08000128   0x0000001a   Code   RO         3221    !!handler_copy      c_w.l(__scatter_copy.o)
    0x08000142   0x08000142   0x00000002   PAD
    0x08000144   0x08000144   0x0000001c   Code   RO         3223    !!handler_zi        c_w.l(__scatter_zi.o)
    0x08000160   0x08000160   0x00000000   Code   RO         2970    .ARM.Collect$$_printf_percent$$00000000  c_w.l(_printf_percent.o)
    0x08000160   0x08000160   0x00000006   Code   RO         2959    .ARM.Collect$$_printf_percent$$00000001  c_w.l(_printf_n.o)
    0x08000166   0x08000166   0x00000006   Code   RO         2961    .ARM.Collect$$_printf_percent$$00000002  c_w.l(_printf_p.o)
    0x0800016c   0x0800016c   0x00000006   Code   RO         2966    .ARM.Collect$$_printf_percent$$00000003  c_w.l(_printf_f.o)
    0x08000172   0x08000172   0x00000006   Code   RO         2967    .ARM.Collect$$_printf_percent$$00000004  c_w.l(_printf_e.o)
    0x08000178   0x08000178   0x00000006   Code   RO         2968    .ARM.Collect$$_printf_percent$$00000005  c_w.l(_printf_g.o)
    0x0800017e   0x0800017e   0x00000006   Code   RO         2969    .ARM.Collect$$_printf_percent$$00000006  c_w.l(_printf_a.o)
    0x08000184   0x08000184   0x0000000a   Code   RO         2974    .ARM.Collect$$_printf_percent$$00000007  c_w.l(_printf_ll.o)
    0x0800018e   0x0800018e   0x00000006   Code   RO         2963    .ARM.Collect$$_printf_percent$$00000008  c_w.l(_printf_i.o)
    0x08000194   0x08000194   0x00000006   Code   RO         2964    .ARM.Collect$$_printf_percent$$00000009  c_w.l(_printf_d.o)
    0x0800019a   0x0800019a   0x00000006   Code   RO         2965    .ARM.Collect$$_printf_percent$$0000000A  c_w.l(_printf_u.o)
    0x080001a0   0x080001a0   0x00000006   Code   RO         2962    .ARM.Collect$$_printf_percent$$0000000B  c_w.l(_printf_o.o)
    0x080001a6   0x080001a6   0x00000006   Code   RO         2960    .ARM.Collect$$_printf_percent$$0000000C  c_w.l(_printf_x.o)
    0x080001ac   0x080001ac   0x00000006   Code   RO         2971    .ARM.Collect$$_printf_percent$$0000000D  c_w.l(_printf_lli.o)
    0x080001b2   0x080001b2   0x00000006   Code   RO         2972    .ARM.Collect$$_printf_percent$$0000000E  c_w.l(_printf_lld.o)
    0x080001b8   0x080001b8   0x00000006   Code   RO         2973    .ARM.Collect$$_printf_percent$$0000000F  c_w.l(_printf_llu.o)
    0x080001be   0x080001be   0x00000006   Code   RO         2978    .ARM.Collect$$_printf_percent$$00000010  c_w.l(_printf_llo.o)
    0x080001c4   0x080001c4   0x00000006   Code   RO         2979    .ARM.Collect$$_printf_percent$$00000011  c_w.l(_printf_llx.o)
    0x080001ca   0x080001ca   0x0000000a   Code   RO         2975    .ARM.Collect$$_printf_percent$$00000012  c_w.l(_printf_l.o)
    0x080001d4   0x080001d4   0x00000006   Code   RO         2957    .ARM.Collect$$_printf_percent$$00000013  c_w.l(_printf_c.o)
    0x080001da   0x080001da   0x00000006   Code   RO         2958    .ARM.Collect$$_printf_percent$$00000014  c_w.l(_printf_s.o)
    0x080001e0   0x080001e0   0x00000006   Code   RO         2976    .ARM.Collect$$_printf_percent$$00000015  c_w.l(_printf_lc.o)
    0x080001e6   0x080001e6   0x00000006   Code   RO         2977    .ARM.Collect$$_printf_percent$$00000016  c_w.l(_printf_ls.o)
    0x080001ec   0x080001ec   0x00000004   Code   RO         3025    .ARM.Collect$$_printf_percent$$00000017  c_w.l(_printf_percent_end.o)
    0x080001f0   0x080001f0   0x00000002   Code   RO         3076    .ARM.Collect$$libinit$$00000000  c_w.l(libinit.o)
    0x080001f2   0x080001f2   0x00000000   Code   RO         3094    .ARM.Collect$$libinit$$00000002  c_w.l(libinit2.o)
    0x080001f2   0x080001f2   0x00000000   Code   RO         3096    .ARM.Collect$$libinit$$00000004  c_w.l(libinit2.o)
    0x080001f2   0x080001f2   0x00000000   Code   RO         3099    .ARM.Collect$$libinit$$0000000A  c_w.l(libinit2.o)
    0x080001f2   0x080001f2   0x00000000   Code   RO         3101    .ARM.Collect$$libinit$$0000000C  c_w.l(libinit2.o)
    0x080001f2   0x080001f2   0x00000000   Code   RO         3103    .ARM.Collect$$libinit$$0000000E  c_w.l(libinit2.o)
    0x080001f2   0x080001f2   0x00000006   Code   RO         3104    .ARM.Collect$$libinit$$0000000F  c_w.l(libinit2.o)
    0x080001f8   0x080001f8   0x00000000   Code   RO         3106    .ARM.Collect$$libinit$$00000011  c_w.l(libinit2.o)
    0x080001f8   0x080001f8   0x0000000c   Code   RO         3107    .ARM.Collect$$libinit$$00000012  c_w.l(libinit2.o)
    0x08000204   0x08000204   0x00000000   Code   RO         3108    .ARM.Collect$$libinit$$00000013  c_w.l(libinit2.o)
    0x08000204   0x08000204   0x00000000   Code   RO         3110    .ARM.Collect$$libinit$$00000015  c_w.l(libinit2.o)
    0x08000204   0x08000204   0x0000000a   Code   RO         3111    .ARM.Collect$$libinit$$00000016  c_w.l(libinit2.o)
    0x0800020e   0x0800020e   0x00000000   Code   RO         3112    .ARM.Collect$$libinit$$00000017  c_w.l(libinit2.o)
    0x0800020e   0x0800020e   0x00000000   Code   RO         3114    .ARM.Collect$$libinit$$00000019  c_w.l(libinit2.o)
    0x0800020e   0x0800020e   0x00000000   Code   RO         3116    .ARM.Collect$$libinit$$0000001B  c_w.l(libinit2.o)
    0x0800020e   0x0800020e   0x00000000   Code   RO         3118    .ARM.Collect$$libinit$$0000001D  c_w.l(libinit2.o)
    0x0800020e   0x0800020e   0x00000000   Code   RO         3120    .ARM.Collect$$libinit$$0000001F  c_w.l(libinit2.o)
    0x0800020e   0x0800020e   0x00000000   Code   RO         3122    .ARM.Collect$$libinit$$00000021  c_w.l(libinit2.o)
    0x0800020e   0x0800020e   0x00000000   Code   RO         3124    .ARM.Collect$$libinit$$00000023  c_w.l(libinit2.o)
    0x0800020e   0x0800020e   0x00000000   Code   RO         3126    .ARM.Collect$$libinit$$00000025  c_w.l(libinit2.o)
    0x0800020e   0x0800020e   0x00000000   Code   RO         3130    .ARM.Collect$$libinit$$0000002C  c_w.l(libinit2.o)
    0x0800020e   0x0800020e   0x00000000   Code   RO         3132    .ARM.Collect$$libinit$$0000002E  c_w.l(libinit2.o)
    0x0800020e   0x0800020e   0x00000000   Code   RO         3134    .ARM.Collect$$libinit$$00000030  c_w.l(libinit2.o)
    0x0800020e   0x0800020e   0x00000000   Code   RO         3136    .ARM.Collect$$libinit$$00000032  c_w.l(libinit2.o)
    0x0800020e   0x0800020e   0x00000002   Code   RO         3137    .ARM.Collect$$libinit$$00000033  c_w.l(libinit2.o)
    0x08000210   0x08000210   0x00000002   Code   RO         3157    .ARM.Collect$$libshutdown$$00000000  c_w.l(libshutdown.o)
    0x08000212   0x08000212   0x00000000   Code   RO         3170    .ARM.Collect$$libshutdown$$00000002  c_w.l(libshutdown2.o)
    0x08000212   0x08000212   0x00000000   Code   RO         3172    .ARM.Collect$$libshutdown$$00000004  c_w.l(libshutdown2.o)
    0x08000212   0x08000212   0x00000000   Code   RO         3174    .ARM.Collect$$libshutdown$$00000006  c_w.l(libshutdown2.o)
    0x08000212   0x08000212   0x00000000   Code   RO         3177    .ARM.Collect$$libshutdown$$00000009  c_w.l(libshutdown2.o)
    0x08000212   0x08000212   0x00000000   Code   RO         3180    .ARM.Collect$$libshutdown$$0000000C  c_w.l(libshutdown2.o)
    0x08000212   0x08000212   0x00000000   Code   RO         3182    .ARM.Collect$$libshutdown$$0000000E  c_w.l(libshutdown2.o)
    0x08000212   0x08000212   0x00000000   Code   RO         3185    .ARM.Collect$$libshutdown$$00000011  c_w.l(libshutdown2.o)
    0x08000212   0x08000212   0x00000002   Code   RO         3186    .ARM.Collect$$libshutdown$$00000012  c_w.l(libshutdown2.o)
    0x08000214   0x08000214   0x00000000   Code   RO         2888    .ARM.Collect$$rtentry$$00000000  c_w.l(__rtentry.o)
    0x08000214   0x08000214   0x00000000   Code   RO         2996    .ARM.Collect$$rtentry$$00000002  c_w.l(__rtentry2.o)
    0x08000214   0x08000214   0x00000006   Code   RO         3008    .ARM.Collect$$rtentry$$00000004  c_w.l(__rtentry4.o)
    0x0800021a   0x0800021a   0x00000000   Code   RO         2998    .ARM.Collect$$rtentry$$00000009  c_w.l(__rtentry2.o)
    0x0800021a   0x0800021a   0x00000004   Code   RO         2999    .ARM.Collect$$rtentry$$0000000A  c_w.l(__rtentry2.o)
    0x0800021e   0x0800021e   0x00000000   Code   RO         3001    .ARM.Collect$$rtentry$$0000000C  c_w.l(__rtentry2.o)
    0x0800021e   0x0800021e   0x00000008   Code   RO         3002    .ARM.Collect$$rtentry$$0000000D  c_w.l(__rtentry2.o)
    0x08000226   0x08000226   0x00000002   Code   RO         3086    .ARM.Collect$$rtexit$$00000000  c_w.l(rtexit.o)
    0x08000228   0x08000228   0x00000000   Code   RO         3139    .ARM.Collect$$rtexit$$00000002  c_w.l(rtexit2.o)
    0x08000228   0x08000228   0x00000004   Code   RO         3140    .ARM.Collect$$rtexit$$00000003  c_w.l(rtexit2.o)
    0x0800022c   0x0800022c   0x00000006   Code   RO         3141    .ARM.Collect$$rtexit$$00000004  c_w.l(rtexit2.o)
    0x08000232   0x08000232   0x00000002   PAD
    0x08000234   0x08000234   0x00000040   Code   RO            4    .text               startup_stm32f103xb.o
    0x08000274   0x08000274   0x00000024   Code   RO         2864    .text               c_w.l(vsprintf.o)
    0x08000298   0x08000298   0x0000003e   Code   RO         2866    .text               c_w.l(strlen.o)
    0x080002d6   0x080002d6   0x0000004e   Code   RO         2868    .text               c_w.l(rt_memclr_w.o)
    0x08000324   0x08000324   0x00000006   Code   RO         2870    .text               c_w.l(heapauxi.o)
    0x0800032a   0x0800032a   0x0000004e   Code   RO         2891    .text               c_w.l(_printf_pad.o)
    0x08000378   0x08000378   0x00000024   Code   RO         2893    .text               c_w.l(_printf_truncate.o)
    0x0800039c   0x0800039c   0x00000052   Code   RO         2895    .text               c_w.l(_printf_str.o)
    0x080003ee   0x080003ee   0x00000002   PAD
    0x080003f0   0x080003f0   0x00000078   Code   RO         2897    .text               c_w.l(_printf_dec.o)
    0x08000468   0x08000468   0x00000028   Code   RO         2899    .text               c_w.l(_printf_charcount.o)
    0x08000490   0x08000490   0x00000030   Code   RO         2901    .text               c_w.l(_printf_char_common.o)
    0x080004c0   0x080004c0   0x0000000a   Code   RO         2903    .text               c_w.l(_sputc.o)
    0x080004ca   0x080004ca   0x00000002   PAD
    0x080004cc   0x080004cc   0x000000bc   Code   RO         2905    .text               c_w.l(_printf_wctomb.o)
    0x08000588   0x08000588   0x0000007c   Code   RO         2908    .text               c_w.l(_printf_longlong_dec.o)
    0x08000604   0x08000604   0x00000070   Code   RO         2914    .text               c_w.l(_printf_oct_int_ll.o)
    0x08000674   0x08000674   0x00000094   Code   RO         2934    .text               c_w.l(_printf_hex_int_ll_ptr.o)
    0x08000708   0x08000708   0x00000188   Code   RO         2954    .text               c_w.l(__printf_flags_ss_wp.o)
    0x08000890   0x08000890   0x0000008a   Code   RO         3010    .text               c_w.l(lludiv10.o)
    0x0800091a   0x0800091a   0x000000b2   Code   RO         3012    .text               c_w.l(_printf_intcommon.o)
    0x080009cc   0x080009cc   0x0000041e   Code   RO         3014    .text               c_w.l(_printf_fp_dec.o)
    0x08000dea   0x08000dea   0x00000002   PAD
    0x08000dec   0x08000dec   0x000002fc   Code   RO         3016    .text               c_w.l(_printf_fp_hex.o)
    0x080010e8   0x080010e8   0x0000002c   Code   RO         3021    .text               c_w.l(_printf_char.o)
    0x08001114   0x08001114   0x0000002c   Code   RO         3023    .text               c_w.l(_printf_wchar.o)
    0x08001140   0x08001140   0x00000040   Code   RO         3026    .text               c_w.l(_wcrtomb.o)
    0x08001180   0x08001180   0x0000004a   Code   RO         3030    .text               c_w.l(sys_stackheap_outer.o)
    0x080011ca   0x080011ca   0x00000002   PAD
    0x080011cc   0x080011cc   0x00000010   Code   RO         3032    .text               c_w.l(rt_ctype_table.o)
    0x080011dc   0x080011dc   0x00000008   Code   RO         3037    .text               c_w.l(rt_locale_intlibspace.o)
    0x080011e4   0x080011e4   0x00000080   Code   RO         3039    .text               c_w.l(_printf_fp_infnan.o)
    0x08001264   0x08001264   0x000000e4   Code   RO         3041    .text               c_w.l(bigflt0.o)
    0x08001348   0x08001348   0x00000012   Code   RO         3069    .text               c_w.l(exit.o)
    0x0800135a   0x0800135a   0x00000002   PAD
    0x0800135c   0x0800135c   0x00000008   Code   RO         3083    .text               c_w.l(libspace.o)
    0x08001364   0x08001364   0x00000080   Code   RO         3091    .text               c_w.l(strcmpv7m.o)
    0x080013e4   0x080013e4   0x0000000c   Code   RO         3149    .text               c_w.l(sys_exit.o)
    0x080013f0   0x080013f0   0x00000002   Code   RO         3160    .text               c_w.l(use_no_semi.o)
    0x080013f2   0x080013f2   0x00000000   Code   RO         3162    .text               c_w.l(indicate_semi.o)
    0x080013f2   0x080013f2   0x0000003e   Code   RO         3044    CL$$btod_d2e        c_w.l(btod.o)
    0x08001430   0x08001430   0x00000046   Code   RO         3046    CL$$btod_d2e_denorm_low  c_w.l(btod.o)
    0x08001476   0x08001476   0x00000060   Code   RO         3045    CL$$btod_d2e_norm_op1  c_w.l(btod.o)
    0x080014d6   0x080014d6   0x00000338   Code   RO         3054    CL$$btod_div_common  c_w.l(btod.o)
    0x0800180e   0x0800180e   0x000000dc   Code   RO         3051    CL$$btod_e2e        c_w.l(btod.o)
    0x080018ea   0x080018ea   0x0000002a   Code   RO         3048    CL$$btod_ediv       c_w.l(btod.o)
    0x08001914   0x08001914   0x0000002a   Code   RO         3047    CL$$btod_emul       c_w.l(btod.o)
    0x0800193e   0x0800193e   0x00000244   Code   RO         3053    CL$$btod_mult_common  c_w.l(btod.o)
    0x08001b82   0x08001b82   0x00000002   Code   RO          279    i.BusFault_Handler  stm32f1xx_it.o
    0x08001b84   0x08001b84   0x00000002   Code   RO          280    i.DebugMon_Handler  stm32f1xx_it.o
    0x08001b86   0x08001b86   0x00000002   PAD
    0x08001b88   0x08001b88   0x00000024   Code   RO          884    i.HAL_Delay         stm32f1xx_hal.o
    0x08001bac   0x08001bac   0x000001e0   Code   RO         1192    i.HAL_GPIO_Init     stm32f1xx_hal_gpio.o
    0x08001d8c   0x08001d8c   0x0000000a   Code   RO         1196    i.HAL_GPIO_WritePin  stm32f1xx_hal_gpio.o
    0x08001d96   0x08001d96   0x00000002   PAD
    0x08001d98   0x08001d98   0x0000000c   Code   RO          888    i.HAL_GetTick       stm32f1xx_hal.o
    0x08001da4   0x08001da4   0x00000188   Code   RO          456    i.HAL_I2C_Init      stm32f1xx_hal_i2c.o
    0x08001f2c   0x08001f2c   0x0000016c   Code   RO          457    i.HAL_I2C_IsDeviceReady  stm32f1xx_hal_i2c.o
    0x08002098   0x08002098   0x0000012c   Code   RO          469    i.HAL_I2C_Master_Transmit  stm32f1xx_hal_i2c.o
    0x080021c4   0x080021c4   0x0000005c   Code   RO          362    i.HAL_I2C_MspInit   stm32f1xx_hal_msp.o
    0x08002220   0x08002220   0x00000010   Code   RO          894    i.HAL_IncTick       stm32f1xx_hal.o
    0x08002230   0x08002230   0x00000024   Code   RO          895    i.HAL_Init          stm32f1xx_hal.o
    0x08002254   0x08002254   0x00000040   Code   RO          896    i.HAL_InitTick      stm32f1xx_hal.o
    0x08002294   0x08002294   0x0000002c   Code   RO          363    i.HAL_MspInit       stm32f1xx_hal_msp.o
    0x080022c0   0x080022c0   0x0000001a   Code   RO         1352    i.HAL_NVIC_EnableIRQ  stm32f1xx_hal_cortex.o
    0x080022da   0x080022da   0x00000002   PAD
    0x080022dc   0x080022dc   0x00000040   Code   RO         1358    i.HAL_NVIC_SetPriority  stm32f1xx_hal_cortex.o
    0x0800231c   0x0800231c   0x00000024   Code   RO         1359    i.HAL_NVIC_SetPriorityGrouping  stm32f1xx_hal_cortex.o
    0x08002340   0x08002340   0x0000012c   Code   RO         1052    i.HAL_RCC_ClockConfig  stm32f1xx_hal_rcc.o
    0x0800246c   0x0800246c   0x00000020   Code   RO         1059    i.HAL_RCC_GetPCLK1Freq  stm32f1xx_hal_rcc.o
    0x0800248c   0x0800248c   0x0000006c   Code   RO         1061    i.HAL_RCC_GetSysClockFreq  stm32f1xx_hal_rcc.o
    0x080024f8   0x080024f8   0x00000320   Code   RO         1064    i.HAL_RCC_OscConfig  stm32f1xx_hal_rcc.o
    0x08002818   0x08002818   0x00000028   Code   RO         1363    i.HAL_SYSTICK_Config  stm32f1xx_hal_cortex.o
    0x08002840   0x08002840   0x00000002   Code   RO         2558    i.HAL_TIMEx_BreakCallback  stm32f1xx_hal_tim_ex.o
    0x08002842   0x08002842   0x00000002   Code   RO         2559    i.HAL_TIMEx_CommutCallback  stm32f1xx_hal_tim_ex.o
    0x08002844   0x08002844   0x00000068   Code   RO         2577    i.HAL_TIMEx_MasterConfigSynchronization  stm32f1xx_hal_tim_ex.o
    0x080028ac   0x080028ac   0x000000b0   Code   RO          215    i.HAL_TIM_IC_CaptureCallback  main.o
    0x0800295c   0x0800295c   0x0000010e   Code   RO         1890    i.HAL_TIM_IC_ConfigChannel  stm32f1xx_hal_tim.o
    0x08002a6a   0x08002a6a   0x0000005a   Code   RO         1893    i.HAL_TIM_IC_Init   stm32f1xx_hal_tim.o
    0x08002ac4   0x08002ac4   0x00000068   Code   RO          365    i.HAL_TIM_IC_MspInit  stm32f1xx_hal_msp.o
    0x08002b2c   0x08002b2c   0x000000e0   Code   RO         1898    i.HAL_TIM_IC_Start_IT  stm32f1xx_hal_tim.o
    0x08002c0c   0x08002c0c   0x00000166   Code   RO         1902    i.HAL_TIM_IRQHandler  stm32f1xx_hal_tim.o
    0x08002d72   0x08002d72   0x00000002   Code   RO         1905    i.HAL_TIM_OC_DelayElapsedCallback  stm32f1xx_hal_tim.o
    0x08002d74   0x08002d74   0x00000002   Code   RO         1932    i.HAL_TIM_PWM_PulseFinishedCallback  stm32f1xx_hal_tim.o
    0x08002d76   0x08002d76   0x00000002   Code   RO         1940    i.HAL_TIM_PeriodElapsedCallback  stm32f1xx_hal_tim.o
    0x08002d78   0x08002d78   0x0000002a   Code   RO         1942    i.HAL_TIM_ReadCapturedValue  stm32f1xx_hal_tim.o
    0x08002da2   0x08002da2   0x00000002   Code   RO         1945    i.HAL_TIM_TriggerCallback  stm32f1xx_hal_tim.o
    0x08002da4   0x08002da4   0x00000034   Code   RO          216    i.HCSR04_read       main.o
    0x08002dd8   0x08002dd8   0x00000002   Code   RO          281    i.HardFault_Handler  stm32f1xx_it.o
    0x08002dda   0x08002dda   0x0000002e   Code   RO          498    i.I2C_IsAcknowledgeFailed  stm32f1xx_hal_i2c.o
    0x08002e08   0x08002e08   0x0000009c   Code   RO          502    i.I2C_MasterRequestWrite  stm32f1xx_hal_i2c.o
    0x08002ea4   0x08002ea4   0x0000004c   Code   RO          513    i.I2C_WaitOnBTFFlagUntilTimeout  stm32f1xx_hal_i2c.o
    0x08002ef0   0x08002ef0   0x00000068   Code   RO          514    i.I2C_WaitOnFlagUntilTimeout  stm32f1xx_hal_i2c.o
    0x08002f58   0x08002f58   0x00000096   Code   RO          515    i.I2C_WaitOnMasterAddressFlagUntilTimeout  stm32f1xx_hal_i2c.o
    0x08002fee   0x08002fee   0x0000004c   Code   RO          517    i.I2C_WaitOnTXEFlagUntilTimeout  stm32f1xx_hal_i2c.o
    0x0800303a   0x0800303a   0x00000002   PAD
    0x0800303c   0x0800303c   0x0000008c   Code   RO          217    i.MX_GPIO_Init      main.o
    0x080030c8   0x080030c8   0x00000070   Code   RO          218    i.MX_TIM1_Init      main.o
    0x08003138   0x08003138   0x00000002   Code   RO          282    i.MemManage_Handler  stm32f1xx_it.o
    0x0800313a   0x0800313a   0x00000002   Code   RO          283    i.NMI_Handler       stm32f1xx_it.o
    0x0800313c   0x0800313c   0x00000002   Code   RO          284    i.PendSV_Handler    stm32f1xx_it.o
    0x0800313e   0x0800313e   0x00000002   Code   RO          285    i.SVC_Handler       stm32f1xx_it.o
    0x08003140   0x08003140   0x00000004   Code   RO          286    i.SysTick_Handler   stm32f1xx_it.o
    0x08003144   0x08003144   0x0000005c   Code   RO          219    i.SystemClock_Config  main.o
    0x080031a0   0x080031a0   0x00000002   Code   RO         2826    i.SystemInit        system_stm32f1xx.o
    0x080031a2   0x080031a2   0x00000002   PAD
    0x080031a4   0x080031a4   0x0000000c   Code   RO          287    i.TIM1_CC_IRQHandler  stm32f1xx_it.o
    0x080031b0   0x080031b0   0x0000006c   Code   RO         1947    i.TIM_Base_SetConfig  stm32f1xx_hal_tim.o
    0x0800321c   0x0800321c   0x0000001a   Code   RO         1948    i.TIM_CCxChannelCmd  stm32f1xx_hal_tim.o
    0x08003236   0x08003236   0x00000002   PAD
    0x08003238   0x08003238   0x00000058   Code   RO         1966    i.TIM_TI1_SetConfig  stm32f1xx_hal_tim.o
    0x08003290   0x08003290   0x00000036   Code   RO         1968    i.TIM_TI2_SetConfig  stm32f1xx_hal_tim.o
    0x080032c6   0x080032c6   0x00000002   Code   RO          288    i.UsageFault_Handler  stm32f1xx_it.o
    0x080032c8   0x080032c8   0x00000028   Code   RO         3081    i.__ARM_fpclassify  m_ws.l(fpclassify.o)
    0x080032f0   0x080032f0   0x00000020   Code   RO         1365    i.__NVIC_SetPriority  stm32f1xx_hal_cortex.o
    0x08003310   0x08003310   0x0000000e   Code   RO         2947    i._is_digit         c_w.l(__printf_wp.o)
    0x0800331e   0x0800331e   0x00000012   Code   RO           17    i.lcd16x2_i2c_clear  lcd16x2_i2c.o
    0x08003330   0x08003330   0x000000b8   Code   RO           20    i.lcd16x2_i2c_init  lcd16x2_i2c.o
    0x080033e8   0x080033e8   0x00000070   Code   RO           21    i.lcd16x2_i2c_printf  lcd16x2_i2c.o
    0x08003458   0x08003458   0x00000040   Code   RO           22    i.lcd16x2_i2c_sendCommand  lcd16x2_i2c.o
    0x08003498   0x08003498   0x00000088   Code   RO          220    i.main              main.o
    0x08003520   0x08003520   0x0000002c   Code   RO         3067    locale$$code        c_w.l(lc_numeric_c.o)
    0x0800354c   0x0800354c   0x0000002c   Code   RO         3089    locale$$code        c_w.l(lc_ctype_c.o)
    0x08003578   0x08003578   0x00000010   Code   RO         2980    x$fpl$dcheck1       fz_ws.l(dcheck1.o)
    0x08003588   0x08003588   0x0000005a   Code   RO         2874    x$fpl$dfixu         fz_ws.l(dfixu.o)
    0x080035e2   0x080035e2   0x00000026   Code   RO         2878    x$fpl$dfltu         fz_ws.l(dflt_clz.o)
    0x08003608   0x08003608   0x00000154   Code   RO         2884    x$fpl$dmul          fz_ws.l(dmul.o)
    0x0800375c   0x0800375c   0x0000009c   Code   RO         2982    x$fpl$dnaninf       fz_ws.l(dnaninf.o)
    0x080037f8   0x080037f8   0x0000000c   Code   RO         2984    x$fpl$dretinf       fz_ws.l(dretinf.o)
    0x08003804   0x08003804   0x00000004   Code   RO         2986    x$fpl$printf1       fz_ws.l(printf1.o)
    0x08003808   0x08003808   0x00000004   Code   RO         2988    x$fpl$printf2       fz_ws.l(printf2.o)
    0x0800380c   0x0800380c   0x00000064   Code   RO         3028    x$fpl$retnan        fz_ws.l(retnan.o)
    0x08003870   0x08003870   0x0000005c   Code   RO         2886    x$fpl$scalbn        fz_ws.l(scalbn.o)
    0x080038cc   0x080038cc   0x00000030   Code   RO         3079    x$fpl$trapveneer    fz_ws.l(trapv.o)
    0x080038fc   0x080038fc   0x00000000   Code   RO         2994    x$fpl$usenofp       fz_ws.l(usenofp.o)
    0x080038fc   0x080038fc   0x00000010   Data   RO         2827    .constdata          system_stm32f1xx.o
    0x0800390c   0x0800390c   0x00000008   Data   RO         2828    .constdata          system_stm32f1xx.o
    0x08003914   0x08003914   0x00000008   Data   RO         2906    .constdata          c_w.l(_printf_wctomb.o)
    0x0800391c   0x0800391c   0x00000028   Data   RO         2935    .constdata          c_w.l(_printf_hex_int_ll_ptr.o)
    0x08003944   0x08003944   0x00000011   Data   RO         2955    .constdata          c_w.l(__printf_flags_ss_wp.o)
    0x08003955   0x08003955   0x00000026   Data   RO         3017    .constdata          c_w.l(_printf_fp_hex.o)
    0x0800397b   0x0800397b   0x00000001   PAD
    0x0800397c   0x0800397c   0x00000094   Data   RO         3042    .constdata          c_w.l(bigflt0.o)
    0x08003a10   0x08003a10   0x00000020   Data   RO         3217    Region$$Table       anon$$obj.o
    0x08003a30   0x08003a30   0x0000001c   Data   RO         3066    locale$$data        c_w.l(lc_numeric_c.o)
    0x08003a4c   0x08003a4c   0x00000110   Data   RO         3088    locale$$data        c_w.l(lc_ctype_c.o)


    Execution Region RW_IRAM1 (Exec base: 0x20000000, Load base: 0x08003b5c, Size: 0x00000728, Max: 0x00005000, ABSOLUTE)

    Exec Addr    Load Addr    Size         Type   Attr      Idx    E Section Name        Object

    0x20000000   0x08003b5c   0x00000008   Data   RW           26    .data               lcd16x2_i2c.o
    0x20000008   0x08003b64   0x00000014   Data   RW          222    .data               main.o
    0x2000001c   0x08003b78   0x0000000c   Data   RW          902    .data               stm32f1xx_hal.o
    0x20000028   0x08003b84   0x00000004   Data   RW         2829    .data               system_stm32f1xx.o
    0x2000002c        -       0x0000009c   Zero   RW          221    .bss                main.o
    0x200000c8        -       0x00000060   Zero   RW         3084    .bss                c_w.l(libspace.o)
    0x20000128        -       0x00000200   Zero   RW            2    HEAP                startup_stm32f103xb.o
    0x20000328        -       0x00000400   Zero   RW            1    STACK               startup_stm32f103xb.o


==============================================================================

Image component sizes


      Code (inc. data)   RO Data    RW Data    ZI Data      Debug   Object Name

       378         16          0          8          0     428872   lcd16x2_i2c.o
       708         74          0         20        156       4216   main.o
        64         26        236          0       1536        800   startup_stm32f103xb.o
       164         28          0         12          0       5825   stm32f1xx_hal.o
       198         14          0          0          0      28875   stm32f1xx_hal_cortex.o
       490         34          0          0          0       2856   stm32f1xx_hal_gpio.o
      1664         42          0          0          0      10229   stm32f1xx_hal_i2c.o
       240         32          0          0          0       2153   stm32f1xx_hal_msp.o
      1240         88          0          0          0       4581   stm32f1xx_hal_rcc.o
      1268         38          0          0          0      10611   stm32f1xx_hal_tim.o
       108         12          0          0          0       2329   stm32f1xx_hal_tim_ex.o
        32          6          0          0          0       4207   stm32f1xx_it.o
         2          0         24          4          0       1083   system_stm32f1xx.o

    ----------------------------------------------------------------------
      6568        410        292         44       1692     506637   Object Totals
         0          0         32          0          0          0   (incl. Generated)
        12          0          0          0          0          0   (incl. Padding)

    ----------------------------------------------------------------------

      Code (inc. data)   RO Data    RW Data    ZI Data      Debug   Library Member Name

         8          0          0          0          0         68   __main.o
       392          4         17          0          0         92   __printf_flags_ss_wp.o
        14          0          0          0          0         68   __printf_wp.o
         0          0          0          0          0          0   __rtentry.o
        12          0          0          0          0          0   __rtentry2.o
         6          0          0          0          0          0   __rtentry4.o
        52          8          0          0          0          0   __scatter.o
        26          0          0          0          0          0   __scatter_copy.o
        28          0          0          0          0          0   __scatter_zi.o
         6          0          0          0          0          0   _printf_a.o
         6          0          0          0          0          0   _printf_c.o
        44          0          0          0          0        108   _printf_char.o
        48          6          0          0          0         96   _printf_char_common.o
        40          0          0          0          0         68   _printf_charcount.o
         6          0          0          0          0          0   _printf_d.o
       120         16          0          0          0         92   _printf_dec.o
         6          0          0          0          0          0   _printf_e.o
         6          0          0          0          0          0   _printf_f.o
      1054          0          0          0          0        216   _printf_fp_dec.o
       764          8         38          0          0        100   _printf_fp_hex.o
       128         16          0          0          0         84   _printf_fp_infnan.o
         6          0          0          0          0          0   _printf_g.o
       148          4         40          0          0        160   _printf_hex_int_ll_ptr.o
         6          0          0          0          0          0   _printf_i.o
       178          0          0          0          0         88   _printf_intcommon.o
        10          0          0          0          0          0   _printf_l.o
         6          0          0          0          0          0   _printf_lc.o
        10          0          0          0          0          0   _printf_ll.o
         6          0          0          0          0          0   _printf_lld.o
         6          0          0          0          0          0   _printf_lli.o
         6          0          0          0          0          0   _printf_llo.o
         6          0          0          0          0          0   _printf_llu.o
         6          0          0          0          0          0   _printf_llx.o
       124         16          0          0          0         92   _printf_longlong_dec.o
         6          0          0          0          0          0   _printf_ls.o
         6          0          0          0          0          0   _printf_n.o
         6          0          0          0          0          0   _printf_o.o
       112         10          0          0          0        124   _printf_oct_int_ll.o
         6          0          0          0          0          0   _printf_p.o
        78          0          0          0          0        108   _printf_pad.o
         0          0          0          0          0          0   _printf_percent.o
         4          0          0          0          0          0   _printf_percent_end.o
         6          0          0          0          0          0   _printf_s.o
        82          0          0          0          0         80   _printf_str.o
        36          0          0          0          0         84   _printf_truncate.o
         6          0          0          0          0          0   _printf_u.o
        44          0          0          0          0        108   _printf_wchar.o
       188          6          8          0          0         92   _printf_wctomb.o
         6          0          0          0          0          0   _printf_x.o
        10          0          0          0          0         68   _sputc.o
        64          0          0          0          0         92   _wcrtomb.o
       228          4        148          0          0         96   bigflt0.o
      1936        128          0          0          0        672   btod.o
        18          0          0          0          0         80   exit.o
         6          0          0          0          0        152   heapauxi.o
         0          0          0          0          0          0   indicate_semi.o
        44         10        272          0          0         76   lc_ctype_c.o
        44         10         28          0          0         76   lc_numeric_c.o
         2          0          0          0          0          0   libinit.o
        30          0          0          0          0          0   libinit2.o
         2          0          0          0          0          0   libshutdown.o
         2          0          0          0          0          0   libshutdown2.o
         8          4          0          0         96         68   libspace.o
       138          0          0          0          0         80   lludiv10.o
        16          4          0          0          0         76   rt_ctype_table.o
         8          4          0          0          0         68   rt_locale_intlibspace.o
        78          0          0          0          0         80   rt_memclr_w.o
         2          0          0          0          0          0   rtexit.o
        10          0          0          0          0          0   rtexit2.o
       128          0          0          0          0         68   strcmpv7m.o
        62          0          0          0          0         76   strlen.o
        12          4          0          0          0         68   sys_exit.o
        74          0          0          0          0         80   sys_stackheap_outer.o
         2          0          0          0          0         68   use_no_semi.o
        36          4          0          0          0         76   vsprintf.o
        16          4          0          0          0         68   dcheck1.o
        90          4          0          0          0         92   dfixu.o
        38          0          0          0          0         68   dflt_clz.o
       340         12          0          0          0        104   dmul.o
       156          4          0          0          0         92   dnaninf.o
        12          0          0          0          0         68   dretinf.o
         4          0          0          0          0         68   printf1.o
         4          0          0          0          0         68   printf2.o
       100          0          0          0          0         68   retnan.o
        92          0          0          0          0         68   scalbn.o
        48          0          0          0          0         68   trapv.o
         0          0          0          0          0          0   usenofp.o
        40          0          0          0          0         68   fpclassify.o

    ----------------------------------------------------------------------
      7784        290        552          0         96       4948   Library Totals
        14          0          1          0          0          0   (incl. Padding)

    ----------------------------------------------------------------------

      Code (inc. data)   RO Data    RW Data    ZI Data      Debug   Library Name

      6830        266        551          0         96       4048   c_w.l
       900         24          0          0          0        832   fz_ws.l
        40          0          0          0          0         68   m_ws.l

    ----------------------------------------------------------------------
      7784        290        552          0         96       4948   Library Totals

    ----------------------------------------------------------------------

==============================================================================


      Code (inc. data)   RO Data    RW Data    ZI Data      Debug   

     14352        700        844         44       1788     505601   Grand Totals
     14352        700        844         44       1788     505601   ELF Image Totals
     14352        700        844         44          0          0   ROM Totals

==============================================================================

    Total RO  Size (Code + RO Data)                15196 (  14.84kB)
    Total RW  Size (RW Data + ZI Data)              1832 (   1.79kB)
    Total ROM Size (Code + RO Data + RW Data)      15240 (  14.88kB)

==============================================================================

